
> @adyaui/core@0.0.1 test C:\Users\vinay\Downloads\AdyaUI\packages\core
> vitest "--run" "--reporter=basic"


[7m[1m[36m RUN [39m[22m[27m [36mv1.6.1[39m [90mC:/Users/vinay/Downloads/AdyaUI/packages/core[39m

 [32mΓ£ô[39m src/test-utils.test.ts [2m ([22m[2m6 tests[22m[2m)[22m[90m 213[2mms[22m[39m
 [32mΓ£ô[39m src/components/typography/aui-typography.test.ts [2m ([22m[2m4 tests[22m[2m)[22m[33m 379[2mms[22m[39m
 [32mΓ£ô[39m src/components/circular-progress/aui-circular-progress.test.ts [2m ([22m[2m7 tests[22m[2m)[22m[33m 584[2mms[22m[39m
 [32mΓ£ô[39m src/components/table/aui-table.test.ts [2m ([22m[2m21 tests[22m[2m)[22m[33m 3489[2mms[22m[39m
 [32mΓ£ô[39m src/components/button/aui-button.test.ts [2m ([22m[2m6 tests[22m[2m)[22m[33m 1521[2mms[22m[39m
 [32mΓ£ô[39m src/components/textfield/aui-textfield.test.ts [2m ([22m[2m4 tests[22m[2m)[22m[33m 1350[2mms[22m[39m
 [32mΓ£ô[39m src/components/avatar/aui-avatar.test.ts [2m ([22m[2m7 tests[22m[2m)[22m[33m 1794[2mms[22m[39m
 [33mΓ¥»[39m src/components/badge/aui-badge.test.ts [2m ([22m[2m4 tests[22m [2m|[22m [31m1 failed[39m[2m)[22m[33m 627[2mms[22m[39m
[31m   [33mΓ¥»[31m src/components/badge/aui-badge.test.ts[2m > [22mAuiBadge[2m > [22mformats the badge content correctly[39m
[31m     ΓåÆ expected '99+' to be '1000' // Object.is equality[39m
 [32mΓ£ô[39m src/components/select/aui-select.test.ts [2m ([22m[2m3 tests[22m[2m)[22m[33m 677[2mms[22m[39m
 [32mΓ£ô[39m src/components/switch/aui-switch.test.ts [2m ([22m[2m3 tests[22m[2m)[22m[33m 325[2mms[22m[39m
 [32mΓ£ô[39m src/components/checkbox/aui-checkbox.test.ts [2m ([22m[2m3 tests[22m[2m)[22m[33m 319[2mms[22m[39m
 [32mΓ£ô[39m src/components/divider/aui-divider.test.ts [2m ([22m[2m5 tests[22m[2m)[22m[33m 761[2mms[22m[39m
 [32mΓ£ô[39m src/components/card/aui-card.test.ts [2m ([22m[2m4 tests[22m[2m)[22m[33m 569[2mms[22m[39m
 [32mΓ£ô[39m src/components/radio/aui-radio.test.ts [2m ([22m[2m3 tests[22m[2m)[22m[33m 445[2mms[22m[39m
 [32mΓ£ô[39m src/components/dialog/aui-dialog.test.ts [2m ([22m[2m3 tests[22m[2m)[22m[90m 234[2mms[22m[39m
 [32mΓ£ô[39m src/components/container/aui-container.test.ts [2m ([22m[2m4 tests[22m[2m)[22m[90m 190[2mms[22m[39m
 [32mΓ£ô[39m src/components/alert/aui-alert.test.ts [2m ([22m[2m3 tests[22m[2m)[22m[90m 276[2mms[22m[39m

node.exe : 
[31mΓÄ»ΓÄ»ΓÄ»ΓÄ»ΓÄ»ΓÄ»ΓÄ»[1m[7m 
Failed Tests 1 [27m[22mΓÄ»ΓÄ»ΓÄ»Γ
Ä»ΓÄ»ΓÄ»ΓÄ»[39m
At C:\Users\vinay\AppData\Roaming\n
pm\pnpm.ps1:24 char:5
+     & "node$exe"  "$basedir/node_
modules/pnpm/bin/pnpm.cjs" $args
+     ~~~~~~~~~~~~~~~~~~~~~~~~~~~~~
~~~~~~~~~~~~~~~~~~~~~~~~~~~~~~~~
    + CategoryInfo          : NotS 
   pecified: ([31mΓÄ»ΓÄ»ΓÄ»Γ...»  
  ΓÄ»ΓÄ»ΓÄ»[39m:String) [], Rem   
 oteException
    + FullyQualifiedErrorId : Nati 
   veCommandError
 

[31m[1m[7m FAIL [27m[22m[39m 
src/components/badge/aui-badge.test
.ts[2m > [22mAuiBadge[2m > 
[22mformats the badge content 
correctly
[31m[1mAssertionError[22m: 
expected '99+' to be '1000' // 
Object.is equality[39m

[32m- Expected[39m
[31m+ Received[39m

[32m- 1000[39m
[31m+ 99+[39m

[36m [2mΓ¥»[22m src/components/b
adge/aui-badge.test.ts:[2m59:36[2
2m[39m
    [90m 57| [39m    
element[33m.[39mmax [33m=[39m 
[34m1000[39m[33m;[39m
    [90m 58| [39m    
element[33m.[39mvalue 
[33m=[39m 
[34m1000[39m[33m;[39m
    [90m 59| [39m    [34mexpect
[39m(badgeSpan[33m?.[39mtextConte
nt)[33m.[39m[34mtoBe[39m([32m'
1000'[39m)[33m;[39m
    [90m   | [39m                
                   [31m^[39m
    [90m 60| [39m  })[33m;[39m
    [90m 61| [39m})[33m;[39m

[31m[2mΓÄ»ΓÄ»ΓÄ»ΓÄ»ΓÄ»ΓÄ»ΓÄ»ΓÄ»ΓÄ
»ΓÄ»ΓÄ»ΓÄ»ΓÄ»ΓÄ»ΓÄ»ΓÄ»ΓÄ»ΓÄ»ΓÄ»ΓÄ»Γ
Ä»ΓÄ»ΓÄ»ΓÄ»[1/1]ΓÄ»[22m[39m

[2m Test Files [22m [1m[31m1 failed[39m[22m[2m | [22m[1m[32m16 passed[39m[22m[90m (17)[39m
[2m      Tests [22m [1m[31m1 failed[39m[22m[2m | [22m[1m[32m89 passed[39m[22m[90m (90)[39m
[2m   Start at [22m 09:36:11
[2m   Duration [22m 39.13s[2m (transform 9.17s, setup 37.27s, collect 13.34s, tests 13.75s, environment 128.18s, prepare 26.08s)[22m

C:\Users\vinay\Downloads\AdyaUI\packages\core:
ΓÇëERR_PNPM_RECURSIVE_RUN_FIRST_FAILΓÇë @adyaui/core@0.0.1 test: `vitest "--run" "--reporter=basic"`
Exit status 1
