
> adyaui@0.0.1 test C:\Users\vinay\Downloads\AdyaUI
> vitest "run"


[1m[46m RUN [49m[22m [36mv4.0.14 [39m[90mC:/Users/vinay/Downloads/AdyaUI[39m

 [31mΓ¥»[39m packages/core/src/test-utils.test.ts [2m([22m[2m6 tests[22m[2m | [22m[31m6 failed[39m[2m)[22m[32m 22[2mms[22m[39m
[31m       [31m├ù[31m should create an HTML element with the specified tag name[39m[32m 7[2mms[22m[39m
[31m       [31m├ù[31m should create a custom element when provided with a custom element name[39m[32m 1[2mms[22m[39m
[31m       [31m├ù[31m should append the test element to the document body[39m[32m 2[2mms[22m[39m
[31m       [31m├ù[31m should clean up the test element from the document body[39m[32m 2[2mms[22m[39m
[31m       [31m├ù[31m should resolve after two animation frames[39m[32m 2[2mms[22m[39m
[31m       [31m├ù[31m should allow chaining with other async operations[39m[32m 5[2mms[22m[39m
node.exe : 
At C:\Users\vinay\AppData\Roaming\n
pm\pnpm.ps1:24 char:5
+     & "node$exe"  "$basedir/node_
modules/pnpm/bin/pnpm.cjs" $args
+     ~~~~~~~~~~~~~~~~~~~~~~~~~~~~~
~~~~~~~~~~~~~~~~~~~~~~~~~~~~~~~~
    + CategoryInfo          : NotS 
   pecified: (:String) [], Remote  
  Exception
    + FullyQualifiedErrorId : Nati 
   veCommandError
 
[31mΓÄ»ΓÄ»ΓÄ»ΓÄ»ΓÄ»ΓÄ»[39m[1m[4
1m Failed Suites 24 [49m[22m[31m
ΓÄ»ΓÄ»ΓÄ»ΓÄ»ΓÄ»ΓÄ»[39m

[41m[1m FAIL [22m[49m packages/
core/src/components/alert/aui-alert
.test.ts[2m [ packages/core/src/co
mponents/alert/aui-alert.test.ts 
][22m
[41m[1m FAIL [22m[49m packages/
core/src/components/app-bar/aui-app
-bar.test.ts[2m [ packages/core/sr
c/components/app-bar/aui-app-bar.te
st.ts ][22m
[41m[1m FAIL [22m[49m packages/
core/src/components/avatar/aui-avat
ar.test.ts[2m [ packages/core/src/
components/avatar/aui-avatar.test.t
s ][22m
[41m[1m FAIL [22m[49m packages/
core/src/components/badge/aui-badge
.test.ts[2m [ packages/core/src/co
mponents/badge/aui-badge.test.ts 
][22m
[41m[1m FAIL [22m[49m packages/
core/src/components/card/aui-card.t
est.ts[2m [ packages/core/src/comp
onents/card/aui-card.test.ts ][22m
[41m[1m FAIL [22m[49m packages/
core/src/components/button/aui-butt
on.test.ts[2m [ packages/core/src/
components/button/aui-button.test.t
s ][22m
[41m[1m FAIL [22m[49m packages/
core/src/components/checkbox/aui-ch
eckbox.test.ts[2m [ packages/core/
src/components/checkbox/aui-checkbo
x.test.ts ][22m
[41m[1m FAIL [22m[49m packages/
core/src/components/container/aui-c
ontainer.test.ts[2m [ packages/cor
e/src/components/container/aui-cont
ainer.test.ts ][22m
[41m[1m FAIL [22m[49m packages/
core/src/components/circular-progre
ss/aui-circular-progress.test.ts[2
m [ packages/core/src/components/ci
rcular-progress/aui-circular-progre
ss.test.ts ][22m
[41m[1m FAIL [22m[49m packages/
core/src/components/dialog/aui-dial
og.test.ts[2m [ packages/core/src/
components/dialog/aui-dialog.test.t
s ][22m
[41m[1m FAIL [22m[49m packages/
core/src/components/drawer/aui-draw
er.test.ts[2m [ packages/core/src/
components/drawer/aui-drawer.test.t
s ][22m
[41m[1m FAIL [22m[49m packages/
core/src/components/divider/aui-div
ider.test.ts[2m [ packages/core/sr
c/components/divider/aui-divider.te
st.ts ][22m
[41m[1m FAIL [22m[49m packages/
core/src/components/icon/aui-icon.t
est.ts[2m [ packages/core/src/comp
onents/icon/aui-icon.test.ts ][22m
[41m[1m FAIL [22m[49m packages/
core/src/components/list/aui-list.t
est.ts[2m [ packages/core/src/comp
onents/list/aui-list.test.ts ][22m
[41m[1m FAIL [22m[49m packages/
core/src/components/linear-progress
/aui-linear-progress.test.ts[2m [ 
packages/core/src/components/linear
-progress/aui-linear-progress.test.
ts ][22m
[41m[1m FAIL [22m[49m packages/
core/src/components/menu/aui-menu.t
est.ts[2m [ packages/core/src/comp
onents/menu/aui-menu.test.ts ][22m
[41m[1m FAIL [22m[49m packages/
core/src/components/radio/aui-radio
.test.ts[2m [ packages/core/src/co
mponents/radio/aui-radio.test.ts 
][22m
[41m[1m FAIL [22m[49m packages/
core/src/components/select/aui-sele
ct.test.ts[2m [ packages/core/src/
components/select/aui-select.test.t
s ][22m
[41m[1m FAIL [22m[49m packages/
core/src/components/switch/aui-swit
ch.test.ts[2m [ packages/core/src/
components/switch/aui-switch.test.t
s ][22m
[41m[1m FAIL [22m[49m packages/
core/src/components/table/aui-table
.test.ts[2m [ packages/core/src/co
mponents/table/aui-table.test.ts 
][22m
[41m[1m FAIL [22m[49m packages/
core/src/components/tabs/aui-tabs.t
est.ts[2m [ packages/core/src/comp
onents/tabs/aui-tabs.test.ts ][22m
[41m[1m FAIL [22m[49m packages/
core/src/components/textfield/aui-t
extfield.test.ts[2m [ packages/cor
e/src/components/textfield/aui-text
field.test.ts ][22m
[41m[1m FAIL [22m[49m packages/
core/src/components/tooltip/aui-too
ltip.test.ts[2m [ packages/core/sr
c/components/tooltip/aui-tooltip.te
st.ts ][22m
[41m[1m FAIL [22m[49m packages/
core/src/components/typography/aui-
typography.test.ts[2m [ packages/c
ore/src/components/typography/aui-t
ypography.test.ts ][22m
[31m[1mReferenceError[22m: 
HTMLElement is not defined[39m
[36m [2mΓ¥»[22m packages/core/sr
c/base/aui-element.ts:[2m5:33[22m
[39m
    [90m  3| [39m * Provides 
common functionality like theming, 
accessibility, and lifeΓÇª
    [90m  4| [39m */[39m
    [90m  5| 
[39m[35mexport[39m 
[35mclass[39m 
[33mAuiElement[39m 
[35mextends[39m 
[33mHTMLElement[39m {
    [90m   | [39m                
                [31m^[39m
    [90m  6| [39m  
[35mprotected[39m 
_internals[33m:[39m 
[33mElementInternals[39m 
[33m|[39m [35mnull[39m 
[33m=[39m 
[35mnull[39m[33m;[39m
    [90m  7| [39m  
[35mprotected[39m 
_shadowRoot[33m:[39m 
[33mShadowRoot[39m[33m;[39m

[31m[2mΓÄ»ΓÄ»ΓÄ»ΓÄ»ΓÄ»ΓÄ»ΓÄ»ΓÄ»ΓÄ
»ΓÄ»ΓÄ»ΓÄ»ΓÄ»ΓÄ»ΓÄ»ΓÄ»ΓÄ»ΓÄ»ΓÄ»ΓÄ»Γ
Ä»ΓÄ»ΓÄ»[1/32]ΓÄ»[22m[39m


[31mΓÄ»ΓÄ»ΓÄ»ΓÄ»ΓÄ»ΓÄ»ΓÄ»[39m[1m
[41m Failed Tests 6 [49m[22m[31
mΓÄ»ΓÄ»ΓÄ»ΓÄ»ΓÄ»ΓÄ»ΓÄ»[39m

[41m[1m FAIL [22m[49m packages/
core/src/test-utils.test.ts[2m > 
[22mtest-utils[2m > 
[22mcreateTestElement[2m > 
[22mshould create an HTML element 
with the specified tag name
[31m[1mReferenceError[22m: 
document is not defined[39m
[36m [2mΓ¥»[22m 
createTestElement packages/core/src
/test-utils.ts:[2m6:3[22m[39m
    [90m  4| [39m
    [90m  5| [39mexport function 
createTestElement<T extends 
HTMLElement>(tagName: striΓÇª
    [90m  6| [39m  
[35mreturn[39m document[33m.[39
m[34mcreateElement[39m(tagName) 
[35mas[39m [33mT[39m[33m;[39m
    [90m   | [39m  [31m^[39m
    [90m  7| [39m}
    [90m  8| [39m
[90m [2mΓ¥»[22m packages/core/sr
c/test-utils.test.ts:[2m7:23[22m
[39m

[31m[2mΓÄ»ΓÄ»ΓÄ»ΓÄ»ΓÄ»ΓÄ»ΓÄ»ΓÄ»ΓÄ
»ΓÄ»ΓÄ»ΓÄ»ΓÄ»ΓÄ»ΓÄ»ΓÄ»ΓÄ»ΓÄ»ΓÄ»ΓÄ»Γ
Ä»ΓÄ»ΓÄ»[2/32]ΓÄ»[22m[39m

[41m[1m FAIL [22m[49m packages/
core/src/test-utils.test.ts[2m > 
[22mtest-utils[2m > 
[22mcreateTestElement[2m > 
[22mshould create a custom 
element when provided with a 
custom element name
[31m[1mReferenceError[22m: 
document is not defined[39m
[36m [2mΓ¥»[22m 
createTestElement packages/core/src
/test-utils.ts:[2m6:3[22m[39m
    [90m  4| [39m
    [90m  5| [39mexport function 
createTestElement<T extends 
HTMLElement>(tagName: striΓÇª
    [90m  6| [39m  
[35mreturn[39m document[33m.[39
m[34mcreateElement[39m(tagName) 
[35mas[39m [33mT[39m[33m;[39m
    [90m   | [39m  [31m^[39m
    [90m  7| [39m}
    [90m  8| [39m
[90m [2mΓ¥»[22m packages/core/sr
c/test-utils.test.ts:[2m13:23[22m
[39m

[31m[2mΓÄ»ΓÄ»ΓÄ»ΓÄ»ΓÄ»ΓÄ»ΓÄ»ΓÄ»ΓÄ
»ΓÄ»ΓÄ»ΓÄ»ΓÄ»ΓÄ»ΓÄ»ΓÄ»ΓÄ»ΓÄ»ΓÄ»ΓÄ»Γ
Ä»ΓÄ»ΓÄ»[3/32]ΓÄ»[22m[39m

[41m[1m FAIL [22m[49m packages/
core/src/test-utils.test.ts[2m > 
[22mtest-utils[2m > 
[22msetupTest and 
teardownTest[2m > [22mshould 
append the test element to the 
document body
[41m[1m FAIL [22m[49m packages/
core/src/test-utils.test.ts[2m > 
[22mtest-utils[2m > 
[22msetupTest and 
teardownTest[2m > [22mshould 
clean up the test element from the 
document body
[31m[1mReferenceError[22m: 
document is not defined[39m
[36m [2mΓ¥»[22m 
createTestElement packages/core/src
/test-utils.ts:[2m6:3[22m[39m
    [90m  4| [39m
    [90m  5| [39mexport function 
createTestElement<T extends 
HTMLElement>(tagName: striΓÇª
    [90m  6| [39m  
[35mreturn[39m document[33m.[39
m[34mcreateElement[39m(tagName) 
[35mas[39m [33mT[39m[33m;[39m
    [90m   | [39m  [31m^[39m
    [90m  7| [39m}
    [90m  8| [39m
[90m [2mΓ¥»[22m setupTest packag
es/core/src/test-utils.ts:[2m10:19
[22m[39m
[90m [2mΓ¥»[22m packages/core/sr
c/test-utils.test.ts:[2m23:21[22m
[39m

[31m[2mΓÄ»ΓÄ»ΓÄ»ΓÄ»ΓÄ»ΓÄ»ΓÄ»ΓÄ»ΓÄ
»ΓÄ»ΓÄ»ΓÄ»ΓÄ»ΓÄ»ΓÄ»ΓÄ»ΓÄ»ΓÄ»ΓÄ»ΓÄ»Γ
Ä»ΓÄ»ΓÄ»[4/32]ΓÄ»[22m[39m

[41m[1m FAIL [22m[49m packages/
core/src/test-utils.test.ts[2m > 
[22mtest-utils[2m > 
[22msetupTest and 
teardownTest[2m > [22mshould 
append the test element to the 
document body
[41m[1m FAIL [22m[49m packages/
core/src/test-utils.test.ts[2m > 
[22mtest-utils[2m > 
[22msetupTest and 
teardownTest[2m > [22mshould 
clean up the test element from the 
document body
[31m[1mReferenceError[22m: 
document is not defined[39m
[36m [2mΓ¥»[22m teardownTest pac
kages/core/src/test-utils.ts:[2m19
:3[22m[39m
    [90m 17| [39m    element[33m
.[39mparentNode[33m.[39m[34mrem
oveChild[39m(element)[33m;[39m
    [90m 18| [39m  }
    [90m 19| [39m  document[33m.
[39mbody[33m.[39minnerHTML 
[33m=[39m [32m''[39m[33m;[39m
    [90m   | [39m  [31m^[39m
    [90m 20| [39m}
    [90m 21| [39m
[90m [2mΓ¥»[22m packages/core/sr
c/test-utils.test.ts:[2m27:7[22m
[39m

[31m[2mΓÄ»ΓÄ»ΓÄ»ΓÄ»ΓÄ»ΓÄ»ΓÄ»ΓÄ»ΓÄ
»ΓÄ»ΓÄ»ΓÄ»ΓÄ»ΓÄ»ΓÄ»ΓÄ»ΓÄ»ΓÄ»ΓÄ»ΓÄ»Γ
Ä»ΓÄ»ΓÄ»[5/32]ΓÄ»[22m[39m

[41m[1m FAIL [22m[49m packages/
core/src/test-utils.test.ts[2m > 
[22mtest-utils[2m > 
[22mwaitForComponentUpdate[2m > 
[22mshould resolve after two 
animation frames
[31m[1mReferenceError[22m: 
requestAnimationFrame is not 
defined[39m
[36m [2mΓ¥»[22m packages/core/sr
c/test-utils.ts:[2m24:5[22m[39m
    [90m 22| 
[39m[35mexport[39m 
[35mfunction[39m [34mwaitForComp
onentUpdate[39m()[33m:[39m [33m
Promise[39m[33m<[39m[35mvoid[3
9m[33m>[39m {
    [90m 23| [39m  
[35mreturn[39m [35mnew[39m 
[33mPromise[39m((resolve) 
[33m=>[39m {
    [90m 24| [39m    
[34mrequestAnimationFrame[39m(() 
[33m=>[39m {
    [90m   | [39m    [31m^[39m
    [90m 25| [39m      
[34mrequestAnimationFrame[39m(() 
[33m=>[39m {
    [90m 26| [39m        
[34mresolve[39m()[33m;[39m
[90m [2mΓ¥»[22m 
waitForComponentUpdate packages/cor
e/src/test-utils.ts:[2m23:10[22m
[39m
[90m [2mΓ¥»[22m packages/core/sr
c/test-utils.test.ts:[2m46:13[22m
[39m


[31m[2mΓÄ»ΓÄ»ΓÄ»ΓÄ»ΓÄ»ΓÄ»ΓÄ»ΓÄ»ΓÄ
»ΓÄ»ΓÄ»ΓÄ»ΓÄ»ΓÄ»ΓÄ»ΓÄ»ΓÄ»ΓÄ»ΓÄ»ΓÄ»Γ
Ä»ΓÄ»ΓÄ»[6/32]ΓÄ»[22m[39m

[41m[1m FAIL [22m[49m packages/
core/src/test-utils.test.ts[2m > 
[22mtest-utils[2m > 
[22mwaitForComponentUpdate[2m > 
[22mshould allow chaining with 
other async operations
[31m[1mReferenceError[22m: 
requestAnimationFrame is not 
defined[39m
[36m [2mΓ¥»[22m packages/core/sr
c/test-utils.ts:[2m24:5[22m[39m
    [90m 22| 
[39m[35mexport[39m 
[35mfunction[39m [34mwaitForComp
onentUpdate[39m()[33m:[39m [33m
Promise[39m[33m<[39m[35mvoid[3
9m[33m>[39m {
    [90m 23| [39m  
[35mreturn[39m [35mnew[39m 
[33mPromise[39m((resolve) 
[33m=>[39m {
    [90m 24| [39m    
[34mrequestAnimationFrame[39m(() 
[33m=>[39m {
    [90m   | [39m    [31m^[39m
    [90m 25| [39m      
[34mrequestAnimationFrame[39m(() 
[33m=>[39m {
    [90m 26| [39m        
[34mresolve[39m()[33m;[39m
[90m [2mΓ¥»[22m 
waitForComponentUpdate packages/cor
e/src/test-utils.ts:[2m23:10[22m
[39m
[90m [2mΓ¥»[22m packages/core/sr
c/test-utils.test.ts:[2m57:13[22m
[39m

[31m[2mΓÄ»ΓÄ»ΓÄ»ΓÄ»ΓÄ»ΓÄ»ΓÄ»ΓÄ»ΓÄ
»ΓÄ»ΓÄ»ΓÄ»ΓÄ»ΓÄ»ΓÄ»ΓÄ»ΓÄ»ΓÄ»ΓÄ»ΓÄ»Γ
Ä»ΓÄ»ΓÄ»[7/32]ΓÄ»[22m[39m

[2m Test Files [22m [1m[31m25 failed[39m[22m[90m (25)[39m
[2m      Tests [22m [1m[31m6 failed[39m[22m[90m (6)[39m
[2m   Start at [22m 15:51:15
[2m   Duration [22m 3.21s[2m (transform 2.29s, setup 0ms, import 239ms, tests 22ms, environment 13ms)[22m

ΓÇëELIFECYCLEΓÇë Test failed. See above for more details.
