
> @adyaui/core@0.0.1 test C:\Users\vinay\Downloads\AdyaUI\packages\core
> vitest "--run"


[7m[1m[36m RUN [39m[22m[27m [36mv1.6.1[39m [90mC:/Users/vinay/Downloads/AdyaUI/packages/core[39m

 [32mΓ£ô[39m src/test-utils.test.ts [2m ([22m[2m6 tests[22m[2m)[22m[90m 143[2mms[22m[39m
 [32mΓ£ô[39m src/components/typography/aui-typography.test.ts [2m ([22m[2m4 tests[22m[2m)[22m[90m 190[2mms[22m[39m
 [33mΓ¥»[39m src/components/circular-progress/aui-circular-progress.test.ts [2m ([22m[2m7 tests[22m [2m|[22m [31m7 failed[39m[2m)[22m[90m 114[2mms[22m[39m
[31m   [33mΓ¥»[31m src/components/circular-progress/aui-circular-progress.test.ts[2m > [22mAuiCircularProgress[2m > [22mshould render with default attributes[39m
[31m     ΓåÆ expected null to be truthy[39m
[31m   [33mΓ¥»[31m src/components/circular-progress/aui-circular-progress.test.ts[2m > [22mAuiCircularProgress[2m > [22mshould render with correct value[39m
[31m     ΓåÆ Cannot read properties of null (reading 'querySelector')[39m
[31m   [33mΓ¥»[31m src/components/circular-progress/aui-circular-progress.test.ts[2m > [22mAuiCircularProgress[2m > [22mshould clamp value between 0 and 100[39m
[31m     ΓåÆ Cannot read properties of null (reading 'querySelector')[39m
[31m   [33mΓ¥»[31m src/components/circular-progress/aui-circular-progress.test.ts[2m > [22mAuiCircularProgress[2m > [22mshould render indeterminate state[39m
[31m     ΓåÆ Cannot read properties of null (reading 'querySelector')[39m
[31m   [33mΓ¥»[31m src/components/circular-progress/aui-circular-progress.test.ts[2m > [22mAuiCircularProgress[2m > [22mshould apply size correctly[39m
[31m     ΓåÆ Cannot read properties of null (reading 'querySelector')[39m
[31m   [33mΓ¥»[31m src/components/circular-progress/aui-circular-progress.test.ts[2m > [22mAuiCircularProgress[2m > [22mshould apply variant correctly[39m
[31m     ΓåÆ Cannot read properties of null (reading 'querySelector')[39m
[31m   [33mΓ¥»[31m src/components/circular-progress/aui-circular-progress.test.ts[2m > [22mAuiCircularProgress[2m > [22mshould update when attributes change[39m
[31m     ΓåÆ Cannot read properties of null (reading 'querySelector')[39m
node.exe : [90mstderr[2m | src/co
mponents/circular-progress/aui-circ
ular-progress.test.ts[2m > 
[22m[2mAuiCircularProgress[2m > 
[22m[2mshould render with 
default attributes[22m[39m
At C:\Users\vinay\AppData\Roaming\n
pm\pnpm.ps1:24 char:5
+     & "node$exe"  "$basedir/node_
modules/pnpm/bin/pnpm.cjs" $args
+     ~~~~~~~~~~~~~~~~~~~~~~~~~~~~~
~~~~~~~~~~~~~~~~~~~~~~~~~~~~~~~~
    + CategoryInfo          : NotS 
   pecified: ([90mstderr[2m...b  
  utes[22m[39m:String) [], Rem   
 oteException
    + FullyQualifiedErrorId : Nati 
   veCommandError
 
NotSupportedError: Shadow root 
cannot be created on a host which 
already hosts a shadow tree.

[90mstderr[2m | src/components/ci
rcular-progress/aui-circular-progre
ss.test.ts[2m > 
[22m[2mAuiCircularProgress[2m > 
[22m[2mshould render with 
correct value[22m[39m
NotSupportedError: Shadow root 
cannot be created on a host which 
already hosts a shadow tree.

[90mstderr[2m | src/components/ci
rcular-progress/aui-circular-progre
ss.test.ts[2m > 
[22m[2mAuiCircularProgress[2m > 
[22m[2mshould clamp value 
between 0 and 100[22m[39m
NotSupportedError: Shadow root 
cannot be created on a host which 
already hosts a shadow tree.

[90mstderr[2m | src/components/ci
rcular-progress/aui-circular-progre
ss.test.ts[2m > 
[22m[2mAuiCircularProgress[2m > 
[22m[2mshould render 
indeterminate state[22m[39m
NotSupportedError: Shadow root 
cannot be created on a host which 
already hosts a shadow tree.

[90mstderr[2m | src/components/ci
rcular-progress/aui-circular-progre
ss.test.ts[2m > 
[22m[2mAuiCircularProgress[2m > 
[22m[2mshould apply size 
correctly[22m[39m
NotSupportedError: Shadow root 
cannot be created on a host which 
already hosts a shadow tree.

[90mstderr[2m | src/components/ci
rcular-progress/aui-circular-progre
ss.test.ts[2m > 
[22m[2mAuiCircularProgress[2m > 
[22m[2mshould apply variant 
correctly[22m[39m
NotSupportedError: Shadow root 
cannot be created on a host which 
already hosts a shadow tree.

[90mstderr[2m | src/components/ci
rcular-progress/aui-circular-progre
ss.test.ts[2m > 
[22m[2mAuiCircularProgress[2m > 
[22m[2mshould update when 
attributes change[22m[39m
NotSupportedError: Shadow root 
cannot be created on a host which 
already hosts a shadow tree.

 [32mΓ£ô[39m src/components/textfield/aui-textfield.test.ts [2m ([22m[2m4 tests[22m[2m)[22m[90m 234[2mms[22m[39m
 [33mΓ¥»[39m src/components/avatar/aui-avatar.test.ts [2m ([22m[2m7 tests[22m [2m|[22m [31m7 failed[39m[2m)[22m[90m 137[2mms[22m[39m
[31m   [33mΓ¥»[31m src/components/avatar/aui-avatar.test.ts[2m > [22mAuiAvatar[2m > [22mshould render with default attributes[39m
[31m     ΓåÆ expected null to be truthy[39m
[31m   [33mΓ¥»[31m src/components/avatar/aui-avatar.test.ts[2m > [22mAuiAvatar[2m > [22mshould render image when src is provided[39m
[31m     ΓåÆ Cannot read properties of null (reading 'querySelector')[39m
[31m   [33mΓ¥»[31m src/components/avatar/aui-avatar.test.ts[2m > [22mAuiAvatar[2m > [22mshould render initials when provided[39m
[31m     ΓåÆ Cannot read properties of null (reading 'querySelector')[39m
[31m   [33mΓ¥»[31m src/components/avatar/aui-avatar.test.ts[2m > [22mAuiAvatar[2m > [22mshould render placeholder when no src or initials[39m
[31m     ΓåÆ Cannot read properties of null (reading 'querySelector')[39m
[31m   [33mΓ¥»[31m src/components/avatar/aui-avatar.test.ts[2m > [22mAuiAvatar[2m > [22mshould apply size variants correctly[39m
[31m     ΓåÆ Cannot read properties of null (reading 'querySelector')[39m
[31m   [33mΓ¥»[31m src/components/avatar/aui-avatar.test.ts[2m > [22mAuiAvatar[2m > [22mshould apply shape variants correctly[39m
[31m     ΓåÆ Cannot read properties of null (reading 'querySelector')[39m
[31m   [33mΓ¥»[31m src/components/avatar/aui-avatar.test.ts[2m > [22mAuiAvatar[2m > [22mshould update when attributes change[39m
[31m     ΓåÆ Cannot read properties of null (reading 'querySelector')[39m
[90mstderr[2m | src/components/av
atar/aui-avatar.test.ts[2m > 
[22m[2mAuiAvatar[2m > 
[22m[2mshould render with 
default attributes[22m[39m
NotSupportedError: Shadow root 
cannot be created on a host which 
already hosts a shadow tree.

[90mstderr[2m | src/components/av
atar/aui-avatar.test.ts[2m > 
[22m[2mAuiAvatar[2m > 
[22m[2mshould render image when 
src is provided[22m[39m
NotSupportedError: Shadow root 
cannot be created on a host which 
already hosts a shadow tree.

[90mstderr[2m | src/components/av
atar/aui-avatar.test.ts[2m > 
[22m[2mAuiAvatar[2m > 
[22m[2mshould render initials 
when provided[22m[39m
NotSupportedError: Shadow root 
cannot be created on a host which 
already hosts a shadow tree.

[90mstderr[2m | src/components/av
atar/aui-avatar.test.ts[2m > 
[22m[2mAuiAvatar[2m > 
[22m[2mshould render placeholder 
when no src or initials[22m[39m
NotSupportedError: Shadow root 
cannot be created on a host which 
already hosts a shadow tree.

[90mstderr[2m | src/components/av
atar/aui-avatar.test.ts[2m > 
[22m[2mAuiAvatar[2m > 
[22m[2mshould apply size 
variants correctly[22m[39m
NotSupportedError: Shadow root 
cannot be created on a host which 
already hosts a shadow tree.

[90mstderr[2m | src/components/av
atar/aui-avatar.test.ts[2m > 
[22m[2mAuiAvatar[2m > 
[22m[2mshould apply shape 
variants correctly[22m[39m
NotSupportedError: Shadow root 
cannot be created on a host which 
already hosts a shadow tree.

[90mstderr[2m | src/components/av
atar/aui-avatar.test.ts[2m > 
[22m[2mAuiAvatar[2m > 
[22m[2mshould update when 
attributes change[22m[39m
NotSupportedError: Shadow root 
cannot be created on a host which 
already hosts a shadow tree.

 [32mΓ£ô[39m src/components/button/aui-button.test.ts [2m ([22m[2m6 tests[22m[2m)[22m[33m 547[2mms[22m[39m
 [33mΓ¥»[39m src/components/table/aui-table.test.ts [2m ([22m[2m21 tests[22m [2m|[22m [31m1 failed[39m[2m)[22m[33m 2183[2mms[22m[39m
[31m   [33mΓ¥»[31m src/components/table/aui-table.test.ts[2m > [22mAuiTable[2m > [22mSorting[2m > [22mshows sortable columns[39m
[31m     ΓåÆ expected 3 to be 2 // Object.is equality[39m
 [33mΓ¥»[39m src/components/divider/aui-divider.test.ts [2m ([22m[2m5 tests[22m [2m|[22m [31m2 failed[39m[2m)[22m[90m 78[2mms[22m[39m
[31m   [33mΓ¥»[31m src/components/divider/aui-divider.test.ts[2m > [22mAuiDivider[2m > [22mshould render horizontal divider by default[39m
[31m     ΓåÆ expected undefined to be truthy[39m
[31m   [33mΓ¥»[31m src/components/divider/aui-divider.test.ts[2m > [22mAuiDivider[2m > [22mshould render with text content[39m
[31m     ΓåÆ divider.connectedCallback is not a function[39m
 [32mΓ£ô[39m src/components/select/aui-select.test.ts [2m ([22m[2m3 tests[22m[2m)[22m[33m 491[2mms[22m[39m
 [32mΓ£ô[39m src/components/card/aui-card.test.ts [2m ([22m[2m4 tests[22m[2m)[22m[90m 189[2mms[22m[39m
 [33mΓ¥»[39m src/components/badge/aui-badge.test.ts [2m ([22m[2m4 tests[22m [2m|[22m [31m2 failed[39m[2m)[22m[33m 394[2mms[22m[39m
[31m   [33mΓ¥»[31m src/components/badge/aui-badge.test.ts[2m > [22mAuiBadge[2m > [22mrenders with default values[39m
[31m     ΓåÆ expected null to be 'standard' // Object.is equality[39m
[31m   [33mΓ¥»[31m src/components/badge/aui-badge.test.ts[2m > [22mAuiBadge[2m > [22mformats the badge content correctly[39m
[31m     ΓåÆ expected '' to be '99+' // Object.is equality[39m
 [32mΓ£ô[39m src/components/radio/aui-radio.test.ts [2m ([22m[2m3 tests[22m[2m)[22m[90m 202[2mms[22m[39m
 [32mΓ£ô[39m src/components/checkbox/aui-checkbox.test.ts [2m ([22m[2m3 tests[22m[2m)[22m[33m 316[2mms[22m[39m
 [32mΓ£ô[39m src/components/switch/aui-switch.test.ts [2m ([22m[2m3 tests[22m[2m)[22m[90m 243[2mms[22m[39m
 [32mΓ£ô[39m src/components/alert/aui-alert.test.ts [2m ([22m[2m3 tests[22m[2m)[22m[90m 117[2mms[22m[39m
 [32mΓ£ô[39m src/components/container/aui-container.test.ts [2m ([22m[2m4 tests[22m[2m)[22m[90m 92[2mms[22m[39m
 [32mΓ£ô[39m src/components/dialog/aui-dialog.test.ts [2m ([22m[2m3 tests[22m[2m)[22m[90m 133[2mms[22m[39m

[31mΓÄ»ΓÄ»ΓÄ»ΓÄ»ΓÄ»ΓÄ»[1m[7m 
Failed Tests 19 [27m[22mΓÄ»ΓÄ»ΓÄ»
ΓÄ»ΓÄ»ΓÄ»ΓÄ»[39m

[31m[1m[7m FAIL [27m[22m[39m 
src/components/avatar/aui-avatar.te
st.ts[2m > [22mAuiAvatar[2m > 
[22mshould render with default 
attributes
[31m[1mAssertionError[22m: 
expected null to be truthy[39m

[32m- Expected:[39m 
null

[31m+ Received:[39m 
false

[36m [2mΓ¥»[22m src/components/a
vatar/aui-avatar.test.ts:[2m23:31
[22m[39m
    [90m 21| [39m
    [90m 22| [39m  
[34mit[39m([32m'should render 
with default 
attributes'[39m[33m,[39m () 
[33m=>[39m {
    [90m 23| [39m    [34mexpect
[39m(avatar[33m.[39mshadowRoot)[
33m.[39m[34mtoBeTruthy[39m()[33
m;[39m
    [90m   | [39m                
              [31m^[39m
    [90m 24| [39m    
[35mconst[39m avatarElement 
[33m=[39m avatar[33m.[39mshadow
Root[33m![39m[33m.[39m[34mquer
ySelector[39m([32m'.aui-avata[39
mΓÇª
    [90m 25| [39m    [34mexpect
[39m(avatarElement)[33m.[39m[34m
toBeTruthy[39m()[33m;[39m

[31m[2mΓÄ»ΓÄ»ΓÄ»ΓÄ»ΓÄ»ΓÄ»ΓÄ»ΓÄ»ΓÄ
»ΓÄ»ΓÄ»ΓÄ»ΓÄ»ΓÄ»ΓÄ»ΓÄ»ΓÄ»ΓÄ»ΓÄ»ΓÄ»Γ
Ä»ΓÄ»ΓÄ»[1/19]ΓÄ»[22m[39m

[31m[1m[7m FAIL [27m[22m[39m 
src/components/avatar/aui-avatar.te
st.ts[2m > [22mAuiAvatar[2m > 
[22mshould render image when src 
is provided
[31m[1mTypeError[22m: Cannot 
read properties of null (reading 
'querySelector')[39m
[36m [2mΓ¥»[22m src/components/a
vatar/aui-avatar.test.ts:[2m34:36
[22m[39m
    [90m 32| [39m    avatar[33m.
[39m[34msetAttribute[39m([32m'a
lt'[39m[33m,[39m [32m'User 
Avatar'[39m)[33m;[39m
    [90m 33| [39m    
    [90m 34| [39m    
[35mconst[39m img [33m=[39m ava
tar[33m.[39mshadowRoot[33m![39m
[33m.[39m[34mquerySelector[39m(
[32m'.avatar-image'[39m) 
[35mas[39m [33mH[39mΓÇª
    [90m   | [39m                
                   [31m^[39m
    [90m 35| [39m    [34mexpect
[39m(img)[33m.[39m[34mtoBeTruthy
[39m()[33m;[39m
    [90m 36| [39m    [34mexpect
[39m(img[33m.[39msrc)[33m.[39m
[34mtoBe[39m([32m'https://example
.com/avatar.jpg'[39m)[33m;[39m

[31m[2mΓÄ»ΓÄ»ΓÄ»ΓÄ»ΓÄ»ΓÄ»ΓÄ»ΓÄ»ΓÄ
»ΓÄ»ΓÄ»ΓÄ»ΓÄ»ΓÄ»ΓÄ»ΓÄ»ΓÄ»ΓÄ»ΓÄ»ΓÄ»Γ
Ä»ΓÄ»ΓÄ»[2/19]ΓÄ»[22m[39m

[31m[1m[7m FAIL [27m[22m[39m 
src/components/avatar/aui-avatar.te
st.ts[2m > [22mAuiAvatar[2m > 
[22mshould render initials when 
provided
[31m[1mTypeError[22m: Cannot 
read properties of null (reading 
'querySelector')[39m
[36m [2mΓ¥»[22m src/components/a
vatar/aui-avatar.test.ts:[2m43:41
[22m[39m
    [90m 41| [39m    avatar[33m.
[39m[34msetAttribute[39m([32m'i
nitials'[39m[33m,[39m 
[32m'AB'[39m)[33m;[39m
    [90m 42| [39m    
    [90m 43| [39m    
[35mconst[39m initials 
[33m=[39m avatar[33m.[39mshadow
Root[33m![39m[33m.[39m[34mquer
ySelector[39m([32m'.avatar-initia
l[39mΓÇª
    [90m   | [39m                
                        [31m^[39m
    [90m 44| [39m    [34mexpect
[39m(initials)[33m.[39m[34mtoBeT
ruthy[39m()[33m;[39m
    [90m 45| [39m    [34mexpect
[39m(initials[33m![39m[33m.[39m
textContent)[33m.[39m[34mtoBe[3
9m([32m'AB'[39m)[33m;[39m

[31m[2mΓÄ»ΓÄ»ΓÄ»ΓÄ»ΓÄ»ΓÄ»ΓÄ»ΓÄ»ΓÄ
»ΓÄ»ΓÄ»ΓÄ»ΓÄ»ΓÄ»ΓÄ»ΓÄ»ΓÄ»ΓÄ»ΓÄ»ΓÄ»Γ
Ä»ΓÄ»ΓÄ»[3/19]ΓÄ»[22m[39m

[31m[1m[7m FAIL [27m[22m[39m 
src/components/avatar/aui-avatar.te
st.ts[2m > [22mAuiAvatar[2m > 
[22mshould render placeholder 
when no src or initials
[31m[1mTypeError[22m: Cannot 
read properties of null (reading 
'querySelector')[39m
[36m [2mΓ¥»[22m src/components/a
vatar/aui-avatar.test.ts:[2m49:44
[22m[39m
    [90m 47| [39m
    [90m 48| [39m  
[34mit[39m([32m'should render 
placeholder when no src or 
initials'[39m[33m,[39m () 
[33m=>[39m {
    [90m 49| [39m    
[35mconst[39m placeholder 
[33m=[39m avatar[33m.[39mshadow
Root[33m![39m[33m.[39m[34mquer
ySelector[39m([32m'.avatar-plac[
39mΓÇª
    [90m   | [39m                
                           
[31m^[39m
    [90m 50| [39m    [34mexpect
[39m(placeholder)[33m.[39m[34mto
BeTruthy[39m()[33m;[39m
    [90m 51| [39m    [34mexpect
[39m(placeholder[33m![39m[33m.[
39m[34mquerySelector[39m([32m'sv
g'[39m))[33m.[39m[34mtoBeTruthy
[39m()[33m;[39m

[31m[2mΓÄ»ΓÄ»ΓÄ»ΓÄ»ΓÄ»ΓÄ»ΓÄ»ΓÄ»ΓÄ
»ΓÄ»ΓÄ»ΓÄ»ΓÄ»ΓÄ»ΓÄ»ΓÄ»ΓÄ»ΓÄ»ΓÄ»ΓÄ»Γ
Ä»ΓÄ»ΓÄ»[4/19]ΓÄ»[22m[39m

[31m[1m[7m FAIL [27m[22m[39m 
src/components/avatar/aui-avatar.te
st.ts[2m > [22mAuiAvatar[2m > 
[22mshould apply size variants 
correctly
[31m[1mTypeError[22m: Cannot 
read properties of null (reading 
'querySelector')[39m
[36m [2mΓ¥»[22m src/components/a
vatar/aui-avatar.test.ts:[2m57:46
[22m[39m
    [90m 55| [39m    avatar[33m.
[39m[34msetAttribute[39m([32m's
ize'[39m[33m,[39m 
[32m'large'[39m)[33m;[39m
    [90m 56| [39m    
    [90m 57| [39m    
[35mconst[39m avatarElement 
[33m=[39m avatar[33m.[39mshadow
Root[33m![39m[33m.[39m[34mquer
ySelector[39m([32m'.aui-avata[39
mΓÇª
    [90m   | [39m                
                             
[31m^[39m
    [90m 58| [39m    [34mexpect
[39m(avatarElement[33m![39m[33m.
[39mclassList[33m.[39m[34mconta
ins[39m([32m'size-large'[39m))[
33m.[39m[34mtoBe[39m([35mtrue[
39m)[33m;[39m
    [90m 59| [39m  })[33m;[39m

[31m[2mΓÄ»ΓÄ»ΓÄ»ΓÄ»ΓÄ»ΓÄ»ΓÄ»ΓÄ»ΓÄ
»ΓÄ»ΓÄ»ΓÄ»ΓÄ»ΓÄ»ΓÄ»ΓÄ»ΓÄ»ΓÄ»ΓÄ»ΓÄ»Γ
Ä»ΓÄ»ΓÄ»[5/19]ΓÄ»[22m[39m

[31m[1m[7m FAIL [27m[22m[39m 
src/components/avatar/aui-avatar.te
st.ts[2m > [22mAuiAvatar[2m > 
[22mshould apply shape variants 
correctly
[31m[1mTypeError[22m: Cannot 
read properties of null (reading 
'querySelector')[39m
[36m [2mΓ¥»[22m src/components/a
vatar/aui-avatar.test.ts:[2m64:46
[22m[39m
    [90m 62| [39m    avatar[33m.
[39m[34msetAttribute[39m([32m'v
ariant'[39m[33m,[39m 
[32m'rounded'[39m)[33m;[39m
    [90m 63| [39m    
    [90m 64| [39m    
[35mconst[39m avatarElement 
[33m=[39m avatar[33m.[39mshadow
Root[33m![39m[33m.[39m[34mquer
ySelector[39m([32m'.aui-avata[39
mΓÇª
    [90m   | [39m                
                             
[31m^[39m
    [90m 65| [39m    [34mexpect
[39m(avatarElement[33m![39m[33m.
[39mclassList[33m.[39m[34mconta
ins[39m([32m'variant-rounded'[39
m))[33m.[39m[34mtoBe[39m(ΓÇª
    [90m 66| [39m  })[33m;[39m

[31m[2mΓÄ»ΓÄ»ΓÄ»ΓÄ»ΓÄ»ΓÄ»ΓÄ»ΓÄ»ΓÄ
»ΓÄ»ΓÄ»ΓÄ»ΓÄ»ΓÄ»ΓÄ»ΓÄ»ΓÄ»ΓÄ»ΓÄ»ΓÄ»Γ
Ä»ΓÄ»ΓÄ»[6/19]ΓÄ»[22m[39m

[31m[1m[7m FAIL [27m[22m[39m 
src/components/avatar/aui-avatar.te
st.ts[2m > [22mAuiAvatar[2m > 
[22mshould update when attributes 
change
[31m[1mTypeError[22m: Cannot 
read properties of null (reading 
'querySelector')[39m
[36m [2mΓ¥»[22m src/components/a
vatar/aui-avatar.test.ts:[2m70:31
[22m[39m
    [90m 68| [39m  
[34mit[39m([32m'should update 
when attributes 
change'[39m[33m,[39m () 
[33m=>[39m {
    [90m 69| [39m    avatar[33m.
[39m[34msetAttribute[39m([32m'i
nitials'[39m[33m,[39m 
[32m'XY'[39m)[33m;[39m
    [90m 70| [39m    [34mexpect
[39m(avatar[33m.[39mshadowRoot[3
3m![39m[33m.[39m[34mquerySelect
or[39m([32m'.avatar-initials'[39
m)[33m![39m[33m.[39mtextCΓÇª
    [90m   | [39m                
              [31m^[39m
    [90m 71| [39m    
    [90m 72| [39m    avatar[33m.
[39m[34msetAttribute[39m([32m's
rc'[39m[33m,[39m [32m'https://e
xample.com/new.jpg'[39m)[33m;[39
m

[31m[2mΓÄ»ΓÄ»ΓÄ»ΓÄ»ΓÄ»ΓÄ»ΓÄ»ΓÄ»ΓÄ
»ΓÄ»ΓÄ»ΓÄ»ΓÄ»ΓÄ»ΓÄ»ΓÄ»ΓÄ»ΓÄ»ΓÄ»ΓÄ»Γ
Ä»ΓÄ»ΓÄ»[7/19]ΓÄ»[22m[39m

[31m[1m[7m FAIL [27m[22m[39m 
src/components/badge/aui-badge.test
.ts[2m > [22mAuiBadge[2m > 
[22mrenders with default values
[31m[1mAssertionError[22m: 
expected null to be 'standard' // 
Object.is equality[39m

[32m- Expected:[39m 
"standard"

[31m+ Received:[39m 
null

[36m [2mΓ¥»[22m src/components/b
adge/aui-badge.test.ts:[2m23:45[2
2m[39m
    [90m 21| [39m  
[34mit[39m([32m'renders with 
default values'[39m[33m,[39m () 
[33m=>[39m {
    [90m 22| [39m    [34mexpect
[39m(element[33m.[39mtextContent)
[33m.[39m[34mtoBe[39m([32m''[
39m)[33m;[39m
    [90m 23| [39m    [34mexpect
[39m(element[33m.[39m[34mgetAttr
ibute[39m([32m'variant'[39m))[3
3m.[39m[34mtoBe[39m([32m'standa
rd'[39m)[33m;[39m
    [90m   | [39m                
                            
[31m^[39m
    [90m 24| [39m    [34mexpect
[39m(element[33m.[39m[34mgetAttr
ibute[39m([32m'size'[39m))[33m.
[39m[34mtoBe[39m([32m'medium'[
39m)[33m;[39m
    [90m 25| [39m  })[33m;[39m

[31m[2mΓÄ»ΓÄ»ΓÄ»ΓÄ»ΓÄ»ΓÄ»ΓÄ»ΓÄ»ΓÄ
»ΓÄ»ΓÄ»ΓÄ»ΓÄ»ΓÄ»ΓÄ»ΓÄ»ΓÄ»ΓÄ»ΓÄ»ΓÄ»Γ
Ä»ΓÄ»ΓÄ»[8/19]ΓÄ»[22m[39m

[31m[1m[7m FAIL [27m[22m[39m 
src/components/badge/aui-badge.test
.ts[2m > [22mAuiBadge[2m > 
[22mformats the badge content 
correctly
[31m[1mAssertionError[22m: 
expected '' to be '99+' // 
Object.is equality[39m

[32m- Expected[39m
[31m+ Received[39m

[32m- 99+[39m

[36m [2mΓ¥»[22m src/components/b
adge/aui-badge.test.ts:[2m52:33[2
2m[39m
    [90m 50| [39m    
element[33m.[39mvalue 
[33m=[39m 
[34m100[39m[33m;[39m
    [90m 51| [39m    
element[33m.[39mmax [33m=[39m 
[34m99[39m[33m;[39m
    [90m 52| [39m    [34mexpect
[39m(element[33m.[39mtextContent)
[33m.[39m[34mtoBe[39m([32m'99+
'[39m)[33m;[39m
    [90m   | [39m                
                [31m^[39m
    [90m 53| [39m
    [90m 54| [39m    
element[33m.[39mmax [33m=[39m 
[34m1000[39m[33m;[39m

[31m[2mΓÄ»ΓÄ»ΓÄ»ΓÄ»ΓÄ»ΓÄ»ΓÄ»ΓÄ»ΓÄ
»ΓÄ»ΓÄ»ΓÄ»ΓÄ»ΓÄ»ΓÄ»ΓÄ»ΓÄ»ΓÄ»ΓÄ»ΓÄ»Γ
Ä»ΓÄ»ΓÄ»[9/19]ΓÄ»[22m[39m

[31m[1m[7m FAIL [27m[22m[39m 
src/components/circular-progress/au
i-circular-progress.test.ts[2m > 
[22mAuiCircularProgress[2m > 
[22mshould render with default 
attributes
[31m[1mAssertionError[22m: 
expected null to be truthy[39m

[32m- Expected:[39m 
null

[31m+ Received:[39m 
false

[36m [2mΓ¥»[22m src/components/c
ircular-progress/aui-circular-progr
ess.test.ts:[2m23:33[22m[39m
    [90m 21| [39m
    [90m 22| [39m  
[34mit[39m([32m'should render 
with default 
attributes'[39m[33m,[39m () 
[33m=>[39m {
    [90m 23| [39m    [34mexpect
[39m(progress[33m.[39mshadowRoot)
[33m.[39m[34mtoBeTruthy[39m()[
33m;[39m
    [90m   | [39m                
                [31m^[39m
    [90m 24| [39m    
[35mconst[39m progressElement 
[33m=[39m progress[33m.[39mshad
owRoot[33m![39m[33m.[39m[34mqu
erySelector[39m([32m'.aui-c[39mΓ
Çª
    [90m 25| [39m    [34mexpect
[39m(progressElement)[33m.[39m[3
4mtoBeTruthy[39m()[33m;[39m

[31m[2mΓÄ»ΓÄ»ΓÄ»ΓÄ»ΓÄ»ΓÄ»ΓÄ»ΓÄ»ΓÄ
»ΓÄ»ΓÄ»ΓÄ»ΓÄ»ΓÄ»ΓÄ»ΓÄ»ΓÄ»ΓÄ»ΓÄ»ΓÄ»Γ
Ä»ΓÄ»[10/19]ΓÄ»[22m[39m

[31m[1m[7m FAIL [27m[22m[39m 
src/components/circular-progress/au
i-circular-progress.test.ts[2m > 
[22mAuiCircularProgress[2m > 
[22mshould render with correct 
value
[31m[1mTypeError[22m: Cannot 
read properties of null (reading 
'querySelector')[39m
[36m [2mΓ¥»[22m src/components/c
ircular-progress/aui-circular-progr
ess.test.ts:[2m32:40[22m[39m
    [90m 30| [39m    progress[33
m.[39m[34msetAttribute[39m([32m
'value'[39m[33m,[39m 
[32m'75'[39m)[33m;[39m
    [90m 31| [39m    
    [90m 32| [39m    
[35mconst[39m label [33m=[39m p
rogress[33m.[39mshadowRoot[33m!
[39m[33m.[39m[34mquerySelector[
39m([32m'.progress-label'[39mΓÇª
    [90m   | [39m                
                       [31m^[39m
    [90m 33| [39m    [34mexpect
[39m(label)[33m.[39m[34mtoBeTrut
hy[39m()[33m;[39m
    [90m 34| [39m    [34mexpect
[39m(label[33m![39m[33m.[39mtex
tContent)[33m.[39m[34mtoBe[39m(
[32m'75%'[39m)[33m;[39m

[31m[2mΓÄ»ΓÄ»ΓÄ»ΓÄ»ΓÄ»ΓÄ»ΓÄ»ΓÄ»ΓÄ
»ΓÄ»ΓÄ»ΓÄ»ΓÄ»ΓÄ»ΓÄ»ΓÄ»ΓÄ»ΓÄ»ΓÄ»ΓÄ»Γ
Ä»ΓÄ»[11/19]ΓÄ»[22m[39m

[31m[1m[7m FAIL [27m[22m[39m 
src/components/circular-progress/au
i-circular-progress.test.ts[2m > 
[22mAuiCircularProgress[2m > 
[22mshould clamp value between 0 
and 100
[31m[1mTypeError[22m: Cannot 
read properties of null (reading 
'querySelector')[39m
[36m [2mΓ¥»[22m src/components/c
ircular-progress/aui-circular-progr
ess.test.ts:[2m39:40[22m[39m
    [90m 37| [39m  
[34mit[39m([32m'should clamp 
value between 0 and 
100'[39m[33m,[39m () 
[33m=>[39m {
    [90m 38| [39m    progress[33
m.[39m[34msetAttribute[39m([32m
'value'[39m[33m,[39m 
[32m'150'[39m)[33m;[39m
    [90m 39| [39m    
[35mconst[39m label [33m=[39m p
rogress[33m.[39mshadowRoot[33m!
[39m[33m.[39m[34mquerySelector[
39m([32m'.progress-label'[39mΓÇª
    [90m   | [39m                
                       [31m^[39m
    [90m 40| [39m    [34mexpect
[39m(label[33m![39m[33m.[39mtex
tContent)[33m.[39m[34mtoBe[39m(
[32m'100%'[39m)[33m;[39m
    [90m 41| [39m    

[31m[2mΓÄ»ΓÄ»ΓÄ»ΓÄ»ΓÄ»ΓÄ»ΓÄ»ΓÄ»ΓÄ
»ΓÄ»ΓÄ»ΓÄ»ΓÄ»ΓÄ»ΓÄ»ΓÄ»ΓÄ»ΓÄ»ΓÄ»ΓÄ»Γ
Ä»ΓÄ»[12/19]ΓÄ»[22m[39m

[31m[1m[7m FAIL [27m[22m[39m 
src/components/circular-progress/au
i-circular-progress.test.ts[2m > 
[22mAuiCircularProgress[2m > 
[22mshould render indeterminate 
state
[31m[1mTypeError[22m: Cannot 
read properties of null (reading 
'querySelector')[39m
[36m [2mΓ¥»[22m src/components/c
ircular-progress/aui-circular-progr
ess.test.ts:[2m50:50[22m[39m
    [90m 48| [39m    progress[33
m.[39m[34msetAttribute[39m([32m
'indeterminate'[39m[33m,[39m 
[32m''[39m)[33m;[39m
    [90m 49| [39m    
    [90m 50| [39m    
[35mconst[39m progressElement 
[33m=[39m progress[33m.[39mshad
owRoot[33m![39m[33m.[39m[34mqu
erySelector[39m([32m'.aui-c[39mΓ
Çª
    [90m   | [39m                
                                 
[31m^[39m
    [90m 51| [39m    [34mexpect
[39m(progressElement[33m![39m[33
m.[39mclassList[33m.[39m[34mcon
tains[39m([32m'indeterminate'[39
m))[33m.[39m[34mtoBe[39m(ΓÇª
    [90m 52| [39m    

[31m[2mΓÄ»ΓÄ»ΓÄ»ΓÄ»ΓÄ»ΓÄ»ΓÄ»ΓÄ»ΓÄ
»ΓÄ»ΓÄ»ΓÄ»ΓÄ»ΓÄ»ΓÄ»ΓÄ»ΓÄ»ΓÄ»ΓÄ»ΓÄ»Γ
Ä»ΓÄ»[13/19]ΓÄ»[22m[39m

[31m[1m[7m FAIL [27m[22m[39m 
src/components/circular-progress/au
i-circular-progress.test.ts[2m > 
[22mAuiCircularProgress[2m > 
[22mshould apply size correctly
[31m[1mTypeError[22m: Cannot 
read properties of null (reading 
'querySelector')[39m
[36m [2mΓ¥»[22m src/components/c
ircular-progress/aui-circular-progr
ess.test.ts:[2m60:38[22m[39m
    [90m 58| [39m    progress[33
m.[39m[34msetAttribute[39m([32m
'size'[39m[33m,[39m 
[32m'64'[39m)[33m;[39m
    [90m 59| [39m    
    [90m 60| [39m    
[35mconst[39m svg [33m=[39m pro
gress[33m.[39mshadowRoot[33m![3
9m[33m.[39m[34mquerySelector[39
m([32m'svg'[39m)[33m;[39m
    [90m   | [39m                
                     [31m^[39m
    [90m 61| [39m    [34mexpect
[39m(svg)[33m.[39m[34mtoBeTruthy
[39m()[33m;[39m
    [90m 62| [39m    [34mexpect
[39m(svg[33m![39m[33m.[39m[34m
getAttribute[39m([32m'width'[39m
))[33m.[39m[34mtoBe[39m([32m'6
4'[39m)[33m;[39m

[31m[2mΓÄ»ΓÄ»ΓÄ»ΓÄ»ΓÄ»ΓÄ»ΓÄ»ΓÄ»ΓÄ
»ΓÄ»ΓÄ»ΓÄ»ΓÄ»ΓÄ»ΓÄ»ΓÄ»ΓÄ»ΓÄ»ΓÄ»ΓÄ»Γ
Ä»ΓÄ»[14/19]ΓÄ»[22m[39m

[31m[1m[7m FAIL [27m[22m[39m 
src/components/circular-progress/au
i-circular-progress.test.ts[2m > 
[22mAuiCircularProgress[2m > 
[22mshould apply variant correctly
[31m[1mTypeError[22m: Cannot 
read properties of null (reading 
'querySelector')[39m
[36m [2mΓ¥»[22m src/components/c
ircular-progress/aui-circular-progr
ess.test.ts:[2m69:50[22m[39m
    [90m 67| [39m    progress[33
m.[39m[34msetAttribute[39m([32m
'variant'[39m[33m,[39m 
[32m'success'[39m)[33m;[39m
    [90m 68| [39m    
    [90m 69| [39m    
[35mconst[39m progressElement 
[33m=[39m progress[33m.[39mshad
owRoot[33m![39m[33m.[39m[34mqu
erySelector[39m([32m'.aui-c[39mΓ
Çª
    [90m   | [39m                
                                 
[31m^[39m
    [90m 70| [39m    [34mexpect
[39m(progressElement[33m![39m[33
m.[39mclassList[33m.[39m[34mcon
tains[39m([32m'variant-success'[
39m))[33m.[39m[34mtoB[39mΓÇª
    [90m 71| [39m  })[33m;[39m

[31m[2mΓÄ»ΓÄ»ΓÄ»ΓÄ»ΓÄ»ΓÄ»ΓÄ»ΓÄ»ΓÄ
»ΓÄ»ΓÄ»ΓÄ»ΓÄ»ΓÄ»ΓÄ»ΓÄ»ΓÄ»ΓÄ»ΓÄ»ΓÄ»Γ
Ä»ΓÄ»[15/19]ΓÄ»[22m[39m

[31m[1m[7m FAIL [27m[22m[39m 
src/components/circular-progress/au
i-circular-progress.test.ts[2m > 
[22mAuiCircularProgress[2m > 
[22mshould update when attributes 
change
[31m[1mTypeError[22m: Cannot 
read properties of null (reading 
'querySelector')[39m
[36m [2mΓ¥»[22m src/components/c
ircular-progress/aui-circular-progr
ess.test.ts:[2m75:33[22m[39m
    [90m 73| [39m  
[34mit[39m([32m'should update 
when attributes 
change'[39m[33m,[39m () 
[33m=>[39m {
    [90m 74| [39m    progress[33
m.[39m[34msetAttribute[39m([32m
'value'[39m[33m,[39m 
[32m'25'[39m)[33m;[39m
    [90m 75| [39m    [34mexpect
[39m(progress[33m.[39mshadowRoot
[33m![39m[33m.[39m[34mquerySele
ctor[39m([32m'.progress-label'[3
9m)[33m![39m[33m.[39mtextΓÇª
    [90m   | [39m                
                [31m^[39m
    [90m 76| [39m    
    [90m 77| [39m    progress[33
m.[39m[34msetAttribute[39m([32m
'value'[39m[33m,[39m 
[32m'80'[39m)[33m;[39m

[31m[2mΓÄ»ΓÄ»ΓÄ»ΓÄ»ΓÄ»ΓÄ»ΓÄ»ΓÄ»ΓÄ
»ΓÄ»ΓÄ»ΓÄ»ΓÄ»ΓÄ»ΓÄ»ΓÄ»ΓÄ»ΓÄ»ΓÄ»ΓÄ»Γ
Ä»ΓÄ»[16/19]ΓÄ»[22m[39m

[31m[1m[7m FAIL [27m[22m[39m 
src/components/divider/aui-divider.
test.ts[2m > [22mAuiDivider[2m 
> [22mshould render horizontal 
divider by default
[31m[1mAssertionError[22m: 
expected undefined to be 
truthy[39m

[32m- Expected:[39m 
undefined

[31m+ Received:[39m 
false

[36m [2mΓ¥»[22m src/components/d
ivider/aui-divider.test.ts:[2m19:6
3[22m[39m
    [90m 17| [39m  
[34mit[39m([32m'should render 
horizontal divider by 
default'[39m[33m,[39m () 
[33m=>[39m {
    [90m 18| [39m    [34mexpect
[39m(divider[33m.[39m[34mgetAttr
ibute[39m([32m'orientation'[39m)
)[33m.[39m[34mtoBeNull[39m()[3
3m;[39m
    [90m 19| [39m    [34mexpect
[39m(divider[33m.[39mshadowRoot[
33m?.[39m[34mquerySelector[39m(
[32m'.aui-divider'[39m))[33m.[39
m[34mtoBeTrut[39mΓÇª
    [90m   | [39m                
                                   
           [31m^[39m
    [90m 20| [39m  })[33m;[39m
    [90m 21| [39m

[31m[2mΓÄ»ΓÄ»ΓÄ»ΓÄ»ΓÄ»ΓÄ»ΓÄ»ΓÄ»ΓÄ
»ΓÄ»ΓÄ»ΓÄ»ΓÄ»ΓÄ»ΓÄ»ΓÄ»ΓÄ»ΓÄ»ΓÄ»ΓÄ»Γ
Ä»ΓÄ»[17/19]ΓÄ»[22m[39m

[31m[1m[7m FAIL [27m[22m[39m 
src/components/divider/aui-divider.
test.ts[2m > [22mAuiDivider[2m 
> [22mshould render with text 
content
[31m[1mTypeError[22m: 
divider.connectedCallback is not a 
function[39m
[36m [2mΓ¥»[22m src/components/d
ivider/aui-divider.test.ts:[2m29:1
3[22m[39m
    [90m 27| [39m  
[34mit[39m([32m'should render 
with text content'[39m[33m,[39m 
() [33m=>[39m {
    [90m 28| [39m    
divider[33m.[39mtextContent 
[33m=[39m 
[32m'Section'[39m[33m;[39m
    [90m 29| [39m    divider[33m
.[39m[34mconnectedCallback[39m()
[33m;[39m
    [90m   | [39m            
[31m^[39m
    [90m 30| [39m    
[35mconst[39m content 
[33m=[39m divider[33m.[39mshado
wRoot[33m?.[39m[34mquerySelector
[39m([32m'.divider-conten[39mΓÇª
    [90m 31| [39m    [34mexpect
[39m(content)[33m.[39m[34mtoBeTr
uthy[39m()[33m;[39m

[31m[2mΓÄ»ΓÄ»ΓÄ»ΓÄ»ΓÄ»ΓÄ»ΓÄ»ΓÄ»ΓÄ
»ΓÄ»ΓÄ»ΓÄ»ΓÄ»ΓÄ»ΓÄ»ΓÄ»ΓÄ»ΓÄ»ΓÄ»ΓÄ»Γ
Ä»ΓÄ»[18/19]ΓÄ»[22m[39m

[31m[1m[7m FAIL [27m[22m[39m 
src/components/table/aui-table.test
.ts[2m > [22mAuiTable[2m > 
[22mSorting[2m > [22mshows 
sortable columns
[31m[1mAssertionError[22m: 
expected 3 to be 2 // Object.is 
equality[39m

[32m- Expected[39m
[31m+ Received[39m

[32m- 2[39m
[31m+ 3[39m

[36m [2mΓ¥»[22m src/components/t
able/aui-table.test.ts:[2m174:38[
22m[39m
    [90m172| [39m      
    [90m173| [39m      
[35mconst[39m sortableHeaders 
[33m=[39m element[33m.[39mshado
wRoot[33m![39m[33m.[39m[34mque
rySelectorAll[39m([32m'th[39mΓÇª
    [90m174| [39m      [34mexpec
t[39m(sortableHeaders[33m.[39mle
ngth)[33m.[39m[34mtoBe[39m([34
m2[39m)[33m;[39m [90m// name 
and age are sort[39mΓÇª
    [90m   | [39m                
                     [31m^[39m
    [90m175| [39m    
})[33m;[39m
    [90m176| [39m

[31m[2mΓÄ»ΓÄ»ΓÄ»ΓÄ»ΓÄ»ΓÄ»ΓÄ»ΓÄ»ΓÄ
»ΓÄ»ΓÄ»ΓÄ»ΓÄ»ΓÄ»ΓÄ»ΓÄ»ΓÄ»ΓÄ»ΓÄ»ΓÄ»Γ
Ä»ΓÄ»[19/19]ΓÄ»[22m[39m

[31mΓÄ»ΓÄ»ΓÄ»ΓÄ»ΓÄ»ΓÄ»[1m[7m Unhandled Errors [27m[22mΓÄ»ΓÄ»ΓÄ»ΓÄ»ΓÄ»ΓÄ»[39m
[31m[1m
Vitest caught 14 unhandled errors during the test run.
This might cause false positive tests. Resolve unhandled errors to make sure your tests are not affected.[22m[39m

[31mΓÄ»ΓÄ»ΓÄ»ΓÄ»ΓÄ»[1m[7m 
Uncaught Exception 
[27m[22mΓÄ»ΓÄ»ΓÄ»ΓÄ»ΓÄ»[39m
[31m[1mNotSupportedError[22m: 
Shadow root cannot be created on a 
host which already hosts a shadow 
tree.[39m
[31m[2mΓÄ»ΓÄ»ΓÄ»ΓÄ»ΓÄ»ΓÄ»ΓÄ»ΓÄ»ΓÄ
»ΓÄ»ΓÄ»ΓÄ»ΓÄ»ΓÄ»ΓÄ»ΓÄ»ΓÄ»ΓÄ»ΓÄ»ΓÄ»Γ
Ä»ΓÄ»ΓÄ»ΓÄ»ΓÄ»ΓÄ»ΓÄ»ΓÄ»ΓÄ»ΓÄ»[22m
[39m
[31m[1mSerialized 
Error:[22m[39m [90m{ code: 9, 
INDEX_SIZE_ERR: 1, 
DOMSTRING_SIZE_ERR: 2, 
HIERARCHY_REQUEST_ERR: 3, 
WRONG_DOCUMENT_ERR: 4, 
INVALID_CHARACTER_ERR: 5, 
NO_DATA_ALLOWED_ERR: 6, 
NO_MODIFICATION_ALLOWED_ERR: 7, 
NOT_FOUND_ERR: 8, 
NOT_SUPPORTED_ERR: 9, 
INUSE_ATTRIBUTE_ERR: 10, 
INVALID_STATE_ERR: 11, SYNTAX_ERR: 
12, INVALID_MODIFICATION_ERR: 13, 
NAMESPACE_ERR: 14, 
INVALID_ACCESS_ERR: 15, 
VALIDATION_ERR: 16, 
TYPE_MISMATCH_ERR: 17, 
SECURITY_ERR: 18, NETWORK_ERR: 19, 
ABORT_ERR: 20, URL_MISMATCH_ERR: 
21, QUOTA_EXCEEDED_ERR: 22, 
TIMEOUT_ERR: 23, 
INVALID_NODE_TYPE_ERR: 24, 
DATA_CLONE_ERR: 25 }[39m
[31mThis error originated in "[1m
src/components/circular-progress/au
i-circular-progress.test.ts[22m" 
test file. It doesn't mean the 
error was thrown inside the file 
itself, but while it was 
running.[39m
[31mThe latest test that might've 
caused the error is "[1mshould 
render with default 
attributes[22m". It might mean 
one of the following:
- The error was thrown, while 
Vitest was running this test.
- If the error occurred after the 
test had been completed, this was 
the last documented test before it 
was thrown.[39m

[31mΓÄ»ΓÄ»ΓÄ»ΓÄ»ΓÄ»[1m[7m 
Uncaught Exception 
[27m[22mΓÄ»ΓÄ»ΓÄ»ΓÄ»ΓÄ»[39m
[31m[1mNotSupportedError[22m: 
Shadow root cannot be created on a 
host which already hosts a shadow 
tree.[39m
[31m[2mΓÄ»ΓÄ»ΓÄ»ΓÄ»ΓÄ»ΓÄ»ΓÄ»ΓÄ»ΓÄ
»ΓÄ»ΓÄ»ΓÄ»ΓÄ»ΓÄ»ΓÄ»ΓÄ»ΓÄ»ΓÄ»ΓÄ»ΓÄ»Γ
Ä»ΓÄ»ΓÄ»ΓÄ»ΓÄ»ΓÄ»ΓÄ»ΓÄ»ΓÄ»ΓÄ»[22m
[39m
[31m[1mSerialized 
Error:[22m[39m [90m{ code: 9, 
INDEX_SIZE_ERR: 1, 
DOMSTRING_SIZE_ERR: 2, 
HIERARCHY_REQUEST_ERR: 3, 
WRONG_DOCUMENT_ERR: 4, 
INVALID_CHARACTER_ERR: 5, 
NO_DATA_ALLOWED_ERR: 6, 
NO_MODIFICATION_ALLOWED_ERR: 7, 
NOT_FOUND_ERR: 8, 
NOT_SUPPORTED_ERR: 9, 
INUSE_ATTRIBUTE_ERR: 10, 
INVALID_STATE_ERR: 11, SYNTAX_ERR: 
12, INVALID_MODIFICATION_ERR: 13, 
NAMESPACE_ERR: 14, 
INVALID_ACCESS_ERR: 15, 
VALIDATION_ERR: 16, 
TYPE_MISMATCH_ERR: 17, 
SECURITY_ERR: 18, NETWORK_ERR: 19, 
ABORT_ERR: 20, URL_MISMATCH_ERR: 
21, QUOTA_EXCEEDED_ERR: 22, 
TIMEOUT_ERR: 23, 
INVALID_NODE_TYPE_ERR: 24, 
DATA_CLONE_ERR: 25 }[39m
[31mThis error originated in "[1m
src/components/circular-progress/au
i-circular-progress.test.ts[22m" 
test file. It doesn't mean the 
error was thrown inside the file 
itself, but while it was 
running.[39m
[31mThe latest test that might've 
caused the error is "[1mshould 
render with correct value[22m". 
It might mean one of the following:
- The error was thrown, while 
Vitest was running this test.
- If the error occurred after the 
test had been completed, this was 
the last documented test before it 
was thrown.[39m

[31mΓÄ»ΓÄ»ΓÄ»ΓÄ»ΓÄ»[1m[7m 
Uncaught Exception 
[27m[22mΓÄ»ΓÄ»ΓÄ»ΓÄ»ΓÄ»[39m
[31m[1mNotSupportedError[22m: 
Shadow root cannot be created on a 
host which already hosts a shadow 
tree.[39m
[31m[2mΓÄ»ΓÄ»ΓÄ»ΓÄ»ΓÄ»ΓÄ»ΓÄ»ΓÄ»ΓÄ
»ΓÄ»ΓÄ»ΓÄ»ΓÄ»ΓÄ»ΓÄ»ΓÄ»ΓÄ»ΓÄ»ΓÄ»ΓÄ»Γ
Ä»ΓÄ»ΓÄ»ΓÄ»ΓÄ»ΓÄ»ΓÄ»ΓÄ»ΓÄ»ΓÄ»[22m
[39m
[31m[1mSerialized 
Error:[22m[39m [90m{ code: 9, 
INDEX_SIZE_ERR: 1, 
DOMSTRING_SIZE_ERR: 2, 
HIERARCHY_REQUEST_ERR: 3, 
WRONG_DOCUMENT_ERR: 4, 
INVALID_CHARACTER_ERR: 5, 
NO_DATA_ALLOWED_ERR: 6, 
NO_MODIFICATION_ALLOWED_ERR: 7, 
NOT_FOUND_ERR: 8, 
NOT_SUPPORTED_ERR: 9, 
INUSE_ATTRIBUTE_ERR: 10, 
INVALID_STATE_ERR: 11, SYNTAX_ERR: 
12, INVALID_MODIFICATION_ERR: 13, 
NAMESPACE_ERR: 14, 
INVALID_ACCESS_ERR: 15, 
VALIDATION_ERR: 16, 
TYPE_MISMATCH_ERR: 17, 
SECURITY_ERR: 18, NETWORK_ERR: 19, 
ABORT_ERR: 20, URL_MISMATCH_ERR: 
21, QUOTA_EXCEEDED_ERR: 22, 
TIMEOUT_ERR: 23, 
INVALID_NODE_TYPE_ERR: 24, 
DATA_CLONE_ERR: 25 }[39m
[31mThis error originated in "[1m
src/components/circular-progress/au
i-circular-progress.test.ts[22m" 
test file. It doesn't mean the 
error was thrown inside the file 
itself, but while it was 
running.[39m
[31mThe latest test that might've 
caused the error is "[1mshould 
clamp value between 0 and 
100[22m". It might mean one of 
the following:
- The error was thrown, while 
Vitest was running this test.
- If the error occurred after the 
test had been completed, this was 
the last documented test before it 
was thrown.[39m

[31mΓÄ»ΓÄ»ΓÄ»ΓÄ»ΓÄ»[1m[7m 
Uncaught Exception 
[27m[22mΓÄ»ΓÄ»ΓÄ»ΓÄ»ΓÄ»[39m
[31m[1mNotSupportedError[22m: 
Shadow root cannot be created on a 
host which already hosts a shadow 
tree.[39m
[31m[2mΓÄ»ΓÄ»ΓÄ»ΓÄ»ΓÄ»ΓÄ»ΓÄ»ΓÄ»ΓÄ
»ΓÄ»ΓÄ»ΓÄ»ΓÄ»ΓÄ»ΓÄ»ΓÄ»ΓÄ»ΓÄ»ΓÄ»ΓÄ»Γ
Ä»ΓÄ»ΓÄ»ΓÄ»ΓÄ»ΓÄ»ΓÄ»ΓÄ»ΓÄ»ΓÄ»[22m
[39m
[31m[1mSerialized 
Error:[22m[39m [90m{ code: 9, 
INDEX_SIZE_ERR: 1, 
DOMSTRING_SIZE_ERR: 2, 
HIERARCHY_REQUEST_ERR: 3, 
WRONG_DOCUMENT_ERR: 4, 
INVALID_CHARACTER_ERR: 5, 
NO_DATA_ALLOWED_ERR: 6, 
NO_MODIFICATION_ALLOWED_ERR: 7, 
NOT_FOUND_ERR: 8, 
NOT_SUPPORTED_ERR: 9, 
INUSE_ATTRIBUTE_ERR: 10, 
INVALID_STATE_ERR: 11, SYNTAX_ERR: 
12, INVALID_MODIFICATION_ERR: 13, 
NAMESPACE_ERR: 14, 
INVALID_ACCESS_ERR: 15, 
VALIDATION_ERR: 16, 
TYPE_MISMATCH_ERR: 17, 
SECURITY_ERR: 18, NETWORK_ERR: 19, 
ABORT_ERR: 20, URL_MISMATCH_ERR: 
21, QUOTA_EXCEEDED_ERR: 22, 
TIMEOUT_ERR: 23, 
INVALID_NODE_TYPE_ERR: 24, 
DATA_CLONE_ERR: 25 }[39m
[31mThis error originated in "[1m
src/components/circular-progress/au
i-circular-progress.test.ts[22m" 
test file. It doesn't mean the 
error was thrown inside the file 
itself, but while it was 
running.[39m
[31mThe latest test that might've 
caused the error is "[1mshould 
render indeterminate state[22m". 
It might mean one of the following:
- The error was thrown, while 
Vitest was running this test.
- If the error occurred after the 
test had been completed, this was 
the last documented test before it 
was thrown.[39m

[31mΓÄ»ΓÄ»ΓÄ»ΓÄ»ΓÄ»[1m[7m 
Uncaught Exception 
[27m[22mΓÄ»ΓÄ»ΓÄ»ΓÄ»ΓÄ»[39m
[31m[1mNotSupportedError[22m: 
Shadow root cannot be created on a 
host which already hosts a shadow 
tree.[39m
[31m[2mΓÄ»ΓÄ»ΓÄ»ΓÄ»ΓÄ»ΓÄ»ΓÄ»ΓÄ»ΓÄ
»ΓÄ»ΓÄ»ΓÄ»ΓÄ»ΓÄ»ΓÄ»ΓÄ»ΓÄ»ΓÄ»ΓÄ»ΓÄ»Γ
Ä»ΓÄ»ΓÄ»ΓÄ»ΓÄ»ΓÄ»ΓÄ»ΓÄ»ΓÄ»ΓÄ»[22m
[39m
[31m[1mSerialized 
Error:[22m[39m [90m{ code: 9, 
INDEX_SIZE_ERR: 1, 
DOMSTRING_SIZE_ERR: 2, 
HIERARCHY_REQUEST_ERR: 3, 
WRONG_DOCUMENT_ERR: 4, 
INVALID_CHARACTER_ERR: 5, 
NO_DATA_ALLOWED_ERR: 6, 
NO_MODIFICATION_ALLOWED_ERR: 7, 
NOT_FOUND_ERR: 8, 
NOT_SUPPORTED_ERR: 9, 
INUSE_ATTRIBUTE_ERR: 10, 
INVALID_STATE_ERR: 11, SYNTAX_ERR: 
12, INVALID_MODIFICATION_ERR: 13, 
NAMESPACE_ERR: 14, 
INVALID_ACCESS_ERR: 15, 
VALIDATION_ERR: 16, 
TYPE_MISMATCH_ERR: 17, 
SECURITY_ERR: 18, NETWORK_ERR: 19, 
ABORT_ERR: 20, URL_MISMATCH_ERR: 
21, QUOTA_EXCEEDED_ERR: 22, 
TIMEOUT_ERR: 23, 
INVALID_NODE_TYPE_ERR: 24, 
DATA_CLONE_ERR: 25 }[39m
[31mThis error originated in "[1m
src/components/circular-progress/au
i-circular-progress.test.ts[22m" 
test file. It doesn't mean the 
error was thrown inside the file 
itself, but while it was 
running.[39m
[31mThe latest test that might've 
caused the error is "[1mshould 
apply size correctly[22m". It 
might mean one of the following:
- The error was thrown, while 
Vitest was running this test.
- If the error occurred after the 
test had been completed, this was 
the last documented test before it 
was thrown.[39m

[31mΓÄ»ΓÄ»ΓÄ»ΓÄ»ΓÄ»[1m[7m 
Uncaught Exception 
[27m[22mΓÄ»ΓÄ»ΓÄ»ΓÄ»ΓÄ»[39m
[31m[1mNotSupportedError[22m: 
Shadow root cannot be created on a 
host which already hosts a shadow 
tree.[39m
[31m[2mΓÄ»ΓÄ»ΓÄ»ΓÄ»ΓÄ»ΓÄ»ΓÄ»ΓÄ»ΓÄ
»ΓÄ»ΓÄ»ΓÄ»ΓÄ»ΓÄ»ΓÄ»ΓÄ»ΓÄ»ΓÄ»ΓÄ»ΓÄ»Γ
Ä»ΓÄ»ΓÄ»ΓÄ»ΓÄ»ΓÄ»ΓÄ»ΓÄ»ΓÄ»ΓÄ»[22m
[39m
[31m[1mSerialized 
Error:[22m[39m [90m{ code: 9, 
INDEX_SIZE_ERR: 1, 
DOMSTRING_SIZE_ERR: 2, 
HIERARCHY_REQUEST_ERR: 3, 
WRONG_DOCUMENT_ERR: 4, 
INVALID_CHARACTER_ERR: 5, 
NO_DATA_ALLOWED_ERR: 6, 
NO_MODIFICATION_ALLOWED_ERR: 7, 
NOT_FOUND_ERR: 8, 
NOT_SUPPORTED_ERR: 9, 
INUSE_ATTRIBUTE_ERR: 10, 
INVALID_STATE_ERR: 11, SYNTAX_ERR: 
12, INVALID_MODIFICATION_ERR: 13, 
NAMESPACE_ERR: 14, 
INVALID_ACCESS_ERR: 15, 
VALIDATION_ERR: 16, 
TYPE_MISMATCH_ERR: 17, 
SECURITY_ERR: 18, NETWORK_ERR: 19, 
ABORT_ERR: 20, URL_MISMATCH_ERR: 
21, QUOTA_EXCEEDED_ERR: 22, 
TIMEOUT_ERR: 23, 
INVALID_NODE_TYPE_ERR: 24, 
DATA_CLONE_ERR: 25 }[39m
[31mThis error originated in "[1m
src/components/circular-progress/au
i-circular-progress.test.ts[22m" 
test file. It doesn't mean the 
error was thrown inside the file 
itself, but while it was 
running.[39m
[31mThe latest test that might've 
caused the error is "[1mshould 
apply variant correctly[22m". It 
might mean one of the following:
- The error was thrown, while 
Vitest was running this test.
- If the error occurred after the 
test had been completed, this was 
the last documented test before it 
was thrown.[39m

[31mΓÄ»ΓÄ»ΓÄ»ΓÄ»ΓÄ»[1m[7m 
Uncaught Exception 
[27m[22mΓÄ»ΓÄ»ΓÄ»ΓÄ»ΓÄ»[39m
[31m[1mNotSupportedError[22m: 
Shadow root cannot be created on a 
host which already hosts a shadow 
tree.[39m
[31m[2mΓÄ»ΓÄ»ΓÄ»ΓÄ»ΓÄ»ΓÄ»ΓÄ»ΓÄ»ΓÄ
»ΓÄ»ΓÄ»ΓÄ»ΓÄ»ΓÄ»ΓÄ»ΓÄ»ΓÄ»ΓÄ»ΓÄ»ΓÄ»Γ
Ä»ΓÄ»ΓÄ»ΓÄ»ΓÄ»ΓÄ»ΓÄ»ΓÄ»ΓÄ»ΓÄ»[22m
[39m
[31m[1mSerialized 
Error:[22m[39m [90m{ code: 9, 
INDEX_SIZE_ERR: 1, 
DOMSTRING_SIZE_ERR: 2, 
HIERARCHY_REQUEST_ERR: 3, 
WRONG_DOCUMENT_ERR: 4, 
INVALID_CHARACTER_ERR: 5, 
NO_DATA_ALLOWED_ERR: 6, 
NO_MODIFICATION_ALLOWED_ERR: 7, 
NOT_FOUND_ERR: 8, 
NOT_SUPPORTED_ERR: 9, 
INUSE_ATTRIBUTE_ERR: 10, 
INVALID_STATE_ERR: 11, SYNTAX_ERR: 
12, INVALID_MODIFICATION_ERR: 13, 
NAMESPACE_ERR: 14, 
INVALID_ACCESS_ERR: 15, 
VALIDATION_ERR: 16, 
TYPE_MISMATCH_ERR: 17, 
SECURITY_ERR: 18, NETWORK_ERR: 19, 
ABORT_ERR: 20, URL_MISMATCH_ERR: 
21, QUOTA_EXCEEDED_ERR: 22, 
TIMEOUT_ERR: 23, 
INVALID_NODE_TYPE_ERR: 24, 
DATA_CLONE_ERR: 25 }[39m
[31mThis error originated in "[1m
src/components/circular-progress/au
i-circular-progress.test.ts[22m" 
test file. It doesn't mean the 
error was thrown inside the file 
itself, but while it was 
running.[39m
[31mThe latest test that might've 
caused the error is "[1mshould 
update when attributes 
change[22m". It might mean one of 
the following:
- The error was thrown, while 
Vitest was running this test.
- If the error occurred after the 
test had been completed, this was 
the last documented test before it 
was thrown.[39m

[31mΓÄ»ΓÄ»ΓÄ»ΓÄ»ΓÄ»[1m[7m 
Uncaught Exception 
[27m[22mΓÄ»ΓÄ»ΓÄ»ΓÄ»ΓÄ»[39m
[31m[1mNotSupportedError[22m: 
Shadow root cannot be created on a 
host which already hosts a shadow 
tree.[39m
[31m[2mΓÄ»ΓÄ»ΓÄ»ΓÄ»ΓÄ»ΓÄ»ΓÄ»ΓÄ»ΓÄ
»ΓÄ»ΓÄ»ΓÄ»ΓÄ»ΓÄ»ΓÄ»ΓÄ»ΓÄ»ΓÄ»ΓÄ»ΓÄ»Γ
Ä»ΓÄ»ΓÄ»ΓÄ»ΓÄ»ΓÄ»ΓÄ»ΓÄ»ΓÄ»ΓÄ»[22m
[39m
[31m[1mSerialized 
Error:[22m[39m [90m{ code: 9, 
INDEX_SIZE_ERR: 1, 
DOMSTRING_SIZE_ERR: 2, 
HIERARCHY_REQUEST_ERR: 3, 
WRONG_DOCUMENT_ERR: 4, 
INVALID_CHARACTER_ERR: 5, 
NO_DATA_ALLOWED_ERR: 6, 
NO_MODIFICATION_ALLOWED_ERR: 7, 
NOT_FOUND_ERR: 8, 
NOT_SUPPORTED_ERR: 9, 
INUSE_ATTRIBUTE_ERR: 10, 
INVALID_STATE_ERR: 11, SYNTAX_ERR: 
12, INVALID_MODIFICATION_ERR: 13, 
NAMESPACE_ERR: 14, 
INVALID_ACCESS_ERR: 15, 
VALIDATION_ERR: 16, 
TYPE_MISMATCH_ERR: 17, 
SECURITY_ERR: 18, NETWORK_ERR: 19, 
ABORT_ERR: 20, URL_MISMATCH_ERR: 
21, QUOTA_EXCEEDED_ERR: 22, 
TIMEOUT_ERR: 23, 
INVALID_NODE_TYPE_ERR: 24, 
DATA_CLONE_ERR: 25 }[39m
[31mThis error originated in "[1m
src/components/avatar/aui-avatar.te
st.ts[22m" test file. It doesn't 
mean the error was thrown inside 
the file itself, but while it was 
running.[39m
[31mThe latest test that might've 
caused the error is "[1mshould 
render with default 
attributes[22m". It might mean 
one of the following:
- The error was thrown, while 
Vitest was running this test.
- If the error occurred after the 
test had been completed, this was 
the last documented test before it 
was thrown.[39m

[31mΓÄ»ΓÄ»ΓÄ»ΓÄ»ΓÄ»[1m[7m 
Uncaught Exception 
[27m[22mΓÄ»ΓÄ»ΓÄ»ΓÄ»ΓÄ»[39m
[31m[1mNotSupportedError[22m: 
Shadow root cannot be created on a 
host which already hosts a shadow 
tree.[39m
[31m[2mΓÄ»ΓÄ»ΓÄ»ΓÄ»ΓÄ»ΓÄ»ΓÄ»ΓÄ»ΓÄ
»ΓÄ»ΓÄ»ΓÄ»ΓÄ»ΓÄ»ΓÄ»ΓÄ»ΓÄ»ΓÄ»ΓÄ»ΓÄ»Γ
Ä»ΓÄ»ΓÄ»ΓÄ»ΓÄ»ΓÄ»ΓÄ»ΓÄ»ΓÄ»ΓÄ»[22m
[39m
[31m[1mSerialized 
Error:[22m[39m [90m{ code: 9, 
INDEX_SIZE_ERR: 1, 
DOMSTRING_SIZE_ERR: 2, 
HIERARCHY_REQUEST_ERR: 3, 
WRONG_DOCUMENT_ERR: 4, 
INVALID_CHARACTER_ERR: 5, 
NO_DATA_ALLOWED_ERR: 6, 
NO_MODIFICATION_ALLOWED_ERR: 7, 
NOT_FOUND_ERR: 8, 
NOT_SUPPORTED_ERR: 9, 
INUSE_ATTRIBUTE_ERR: 10, 
INVALID_STATE_ERR: 11, SYNTAX_ERR: 
12, INVALID_MODIFICATION_ERR: 13, 
NAMESPACE_ERR: 14, 
INVALID_ACCESS_ERR: 15, 
VALIDATION_ERR: 16, 
TYPE_MISMATCH_ERR: 17, 
SECURITY_ERR: 18, NETWORK_ERR: 19, 
ABORT_ERR: 20, URL_MISMATCH_ERR: 
21, QUOTA_EXCEEDED_ERR: 22, 
TIMEOUT_ERR: 23, 
INVALID_NODE_TYPE_ERR: 24, 
DATA_CLONE_ERR: 25 }[39m
[31mThis error originated in "[1m
src/components/avatar/aui-avatar.te
st.ts[22m" test file. It doesn't 
mean the error was thrown inside 
the file itself, but while it was 
running.[39m
[31mThe latest test that might've 
caused the error is "[1mshould 
render image when src is 
provided[22m". It might mean one 
of the following:
- The error was thrown, while 
Vitest was running this test.
- If the error occurred after the 
test had been completed, this was 
the last documented test before it 
was thrown.[39m

[31mΓÄ»ΓÄ»ΓÄ»ΓÄ»ΓÄ»[1m[7m 
Uncaught Exception 
[27m[22mΓÄ»ΓÄ»ΓÄ»ΓÄ»ΓÄ»[39m
[31m[1mNotSupportedError[22m: 
Shadow root cannot be created on a 
host which already hosts a shadow 
tree.[39m
[31m[2mΓÄ»ΓÄ»ΓÄ»ΓÄ»ΓÄ»ΓÄ»ΓÄ»ΓÄ»ΓÄ
»ΓÄ»ΓÄ»ΓÄ»ΓÄ»ΓÄ»ΓÄ»ΓÄ»ΓÄ»ΓÄ»ΓÄ»ΓÄ»Γ
Ä»ΓÄ»ΓÄ»ΓÄ»ΓÄ»ΓÄ»ΓÄ»ΓÄ»ΓÄ»ΓÄ»[22m
[39m
[31m[1mSerialized 
Error:[22m[39m [90m{ code: 9, 
INDEX_SIZE_ERR: 1, 
DOMSTRING_SIZE_ERR: 2, 
HIERARCHY_REQUEST_ERR: 3, 
WRONG_DOCUMENT_ERR: 4, 
INVALID_CHARACTER_ERR: 5, 
NO_DATA_ALLOWED_ERR: 6, 
NO_MODIFICATION_ALLOWED_ERR: 7, 
NOT_FOUND_ERR: 8, 
NOT_SUPPORTED_ERR: 9, 
INUSE_ATTRIBUTE_ERR: 10, 
INVALID_STATE_ERR: 11, SYNTAX_ERR: 
12, INVALID_MODIFICATION_ERR: 13, 
NAMESPACE_ERR: 14, 
INVALID_ACCESS_ERR: 15, 
VALIDATION_ERR: 16, 
TYPE_MISMATCH_ERR: 17, 
SECURITY_ERR: 18, NETWORK_ERR: 19, 
ABORT_ERR: 20, URL_MISMATCH_ERR: 
21, QUOTA_EXCEEDED_ERR: 22, 
TIMEOUT_ERR: 23, 
INVALID_NODE_TYPE_ERR: 24, 
DATA_CLONE_ERR: 25 }[39m
[31mThis error originated in "[1m
src/components/avatar/aui-avatar.te
st.ts[22m" test file. It doesn't 
mean the error was thrown inside 
the file itself, but while it was 
running.[39m
[31mThe latest test that might've 
caused the error is "[1mshould 
render initials when 
provided[22m". It might mean one 
of the following:
- The error was thrown, while 
Vitest was running this test.
- If the error occurred after the 
test had been completed, this was 
the last documented test before it 
was thrown.[39m

[31mΓÄ»ΓÄ»ΓÄ»ΓÄ»ΓÄ»ΓÄ»ΓÄ»ΓÄ»ΓÄ»ΓÄ»ΓÄ»ΓÄ»ΓÄ»ΓÄ»ΓÄ»ΓÄ»ΓÄ»ΓÄ»ΓÄ»ΓÄ»ΓÄ»ΓÄ»ΓÄ»ΓÄ»ΓÄ»ΓÄ»ΓÄ»ΓÄ»ΓÄ»ΓÄ»[39m
[31mΓÄ»ΓÄ»ΓÄ»ΓÄ»ΓÄ»[1m[7m 
Uncaught Exception 
[27m[22mΓÄ»ΓÄ»ΓÄ»ΓÄ»ΓÄ»[39m
[31m[1mNotSupportedError[22m: 
Shadow root cannot be created on a 
host which already hosts a shadow 
tree.[39m
[31m[2mΓÄ»ΓÄ»ΓÄ»ΓÄ»ΓÄ»ΓÄ»ΓÄ»ΓÄ»ΓÄ
»ΓÄ»ΓÄ»ΓÄ»ΓÄ»ΓÄ»ΓÄ»ΓÄ»ΓÄ»ΓÄ»ΓÄ»ΓÄ»Γ
Ä»ΓÄ»ΓÄ»ΓÄ»ΓÄ»ΓÄ»ΓÄ»ΓÄ»ΓÄ»ΓÄ»[22m
[39m
[31m[1mSerialized 
Error:[22m[39m [90m{ code: 9, 
INDEX_SIZE_ERR: 1, 
DOMSTRING_SIZE_ERR: 2, 
HIERARCHY_REQUEST_ERR: 3, 
WRONG_DOCUMENT_ERR: 4, 
INVALID_CHARACTER_ERR: 5, 
NO_DATA_ALLOWED_ERR: 6, 
NO_MODIFICATION_ALLOWED_ERR: 7, 
NOT_FOUND_ERR: 8, 
NOT_SUPPORTED_ERR: 9, 
INUSE_ATTRIBUTE_ERR: 10, 
INVALID_STATE_ERR: 11, SYNTAX_ERR: 
12, INVALID_MODIFICATION_ERR: 13, 
NAMESPACE_ERR: 14, 
INVALID_ACCESS_ERR: 15, 
VALIDATION_ERR: 16, 
TYPE_MISMATCH_ERR: 17, 
SECURITY_ERR: 18, NETWORK_ERR: 19, 
ABORT_ERR: 20, URL_MISMATCH_ERR: 
21, QUOTA_EXCEEDED_ERR: 22, 
TIMEOUT_ERR: 23, 
INVALID_NODE_TYPE_ERR: 24, 
DATA_CLONE_ERR: 25 }[39m
[31mThis error originated in "[1m
src/components/avatar/aui-avatar.te
st.ts[22m" test file. It doesn't 
mean the error was thrown inside 
the file itself, but while it was 
running.[39m
[31mThe latest test that might've 
caused the error is "[1mshould 
render placeholder when no src or 
initials[22m". It might mean one 
of the following:
- The error was thrown, while 
Vitest was running this test.
- If the error occurred after the 
test had been completed, this was 
the last documented test before it 
was thrown.[39m

[31mΓÄ»ΓÄ»ΓÄ»ΓÄ»ΓÄ»[1m[7m 
Uncaught Exception 
[27m[22mΓÄ»ΓÄ»ΓÄ»ΓÄ»ΓÄ»[39m
[31m[1mNotSupportedError[22m: 
Shadow root cannot be created on a 
host which already hosts a shadow 
tree.[39m
[2m Test Files [22m [1m[31m5 failed[39m[22m[2m | [22m[1m[32m12 passed[39m[22m[90m (17)[39m
[2m      Tests [22m [1m[31m19 failed[39m[22m[2m | [22m[1m[32m71 passed[39m[22m[90m (90)[39m
[2m     Errors [22m [1m[31m14 errors[39m[22m
[2m   Start at [22m 22:43:21
[2m   Duration [22m 20.61s[2m (transform 2.12s, setup 20.59s, collect 3.06s, tests 5.80s, environment 67.47s, prepare 14.31s)[22m

[31m[2mΓÄ»ΓÄ»ΓÄ»ΓÄ»ΓÄ»ΓÄ»ΓÄ»ΓÄ»ΓÄ
»ΓÄ»ΓÄ»ΓÄ»ΓÄ»ΓÄ»ΓÄ»ΓÄ»ΓÄ»ΓÄ»ΓÄ»ΓÄ»Γ
Ä»ΓÄ»ΓÄ»ΓÄ»ΓÄ»ΓÄ»ΓÄ»ΓÄ»ΓÄ»ΓÄ»[22m
[39m
[31m[1mSerialized 
Error:[22m[39m [90m{ code: 9, 
INDEX_SIZE_ERR: 1, 
DOMSTRING_SIZE_ERR: 2, 
HIERARCHY_REQUEST_ERR: 3, 
WRONG_DOCUMENT_ERR: 4, 
INVALID_CHARACTER_ERR: 5, 
NO_DATA_ALLOWED_ERR: 6, 
NO_MODIFICATION_ALLOWED_ERR: 7, 
NOT_FOUND_ERR: 8, 
NOT_SUPPORTED_ERR: 9, 
INUSE_ATTRIBUTE_ERR: 10, 
INVALID_STATE_ERR: 11, SYNTAX_ERR: 
12, INVALID_MODIFICATION_ERR: 13, 
NAMESPACE_ERR: 14, 
INVALID_ACCESS_ERR: 15, 
VALIDATION_ERR: 16, 
TYPE_MISMATCH_ERR: 17, 
SECURITY_ERR: 18, NETWORK_ERR: 19, 
ABORT_ERR: 20, URL_MISMATCH_ERR: 
21, QUOTA_EXCEEDED_ERR: 22, 
TIMEOUT_ERR: 23, 
INVALID_NODE_TYPE_ERR: 24, 
DATA_CLONE_ERR: 25 }[39m
[31mThis error originated in "[1m
src/components/avatar/aui-avatar.te
st.ts[22m" test file. It doesn't 
mean the error was thrown inside 
the file itself, but while it was 
running.[39m
[31mThe latest test that might've 
caused the error is "[1mshould 
apply size variants 
correctly[22m". It might mean one 
of the following:
- The error was thrown, while 
Vitest was running this test.
- If the error occurred after the 
test had been completed, this was 
the last documented test before it 
was thrown.[39m

[31mΓÄ»ΓÄ»ΓÄ»ΓÄ»ΓÄ»[1m[7m 
Uncaught Exception 
[27m[22mΓÄ»ΓÄ»ΓÄ»ΓÄ»ΓÄ»[39m
[31m[1mNotSupportedError[22m: 
Shadow root cannot be created on a 
host which already hosts a shadow 
tree.[39m
[31m[2mΓÄ»ΓÄ»ΓÄ»ΓÄ»ΓÄ»ΓÄ»ΓÄ»ΓÄ»ΓÄ
»ΓÄ»ΓÄ»ΓÄ»ΓÄ»ΓÄ»ΓÄ»ΓÄ»ΓÄ»ΓÄ»ΓÄ»ΓÄ»Γ
Ä»ΓÄ»ΓÄ»ΓÄ»ΓÄ»ΓÄ»ΓÄ»ΓÄ»ΓÄ»ΓÄ»[22m
[39m
[31m[1mSerialized 
Error:[22m[39m [90m{ code: 9, 
INDEX_SIZE_ERR: 1, 
DOMSTRING_SIZE_ERR: 2, 
HIERARCHY_REQUEST_ERR: 3, 
WRONG_DOCUMENT_ERR: 4, 
INVALID_CHARACTER_ERR: 5, 
NO_DATA_ALLOWED_ERR: 6, 
NO_MODIFICATION_ALLOWED_ERR: 7, 
NOT_FOUND_ERR: 8, 
NOT_SUPPORTED_ERR: 9, 
INUSE_ATTRIBUTE_ERR: 10, 
INVALID_STATE_ERR: 11, SYNTAX_ERR: 
12, INVALID_MODIFICATION_ERR: 13, 
NAMESPACE_ERR: 14, 
INVALID_ACCESS_ERR: 15, 
VALIDATION_ERR: 16, 
TYPE_MISMATCH_ERR: 17, 
SECURITY_ERR: 18, NETWORK_ERR: 19, 
ABORT_ERR: 20, URL_MISMATCH_ERR: 
21, QUOTA_EXCEEDED_ERR: 22, 
TIMEOUT_ERR: 23, 
INVALID_NODE_TYPE_ERR: 24, 
DATA_CLONE_ERR: 25 }[39m
[31mThis error originated in "[1m
src/components/avatar/aui-avatar.te
st.ts[22m" test file. It doesn't 
mean the error was thrown inside 
the file itself, but while it was 
running.[39m
[31mThe latest test that might've 
caused the error is "[1mshould 
apply shape variants 
correctly[22m". It might mean one 
of the following:
- The error was thrown, while 
Vitest was running this test.
- If the error occurred after the 
test had been completed, this was 
the last documented test before it 
was thrown.[39m

[31mΓÄ»ΓÄ»ΓÄ»ΓÄ»ΓÄ»[1m[7m 
Uncaught Exception 
[27m[22mΓÄ»ΓÄ»ΓÄ»ΓÄ»ΓÄ»[39m
[31m[1mNotSupportedError[22m: 
Shadow root cannot be created on a 
host which already hosts a shadow 
tree.[39m
[31m[2mΓÄ»ΓÄ»ΓÄ»ΓÄ»ΓÄ»ΓÄ»ΓÄ»ΓÄ»ΓÄ
»ΓÄ»ΓÄ»ΓÄ»ΓÄ»ΓÄ»ΓÄ»ΓÄ»ΓÄ»ΓÄ»ΓÄ»ΓÄ»Γ
Ä»ΓÄ»ΓÄ»ΓÄ»ΓÄ»ΓÄ»ΓÄ»ΓÄ»ΓÄ»ΓÄ»[22m
[39m
[31m[1mSerialized 
Error:[22m[39m [90m{ code: 9, 
INDEX_SIZE_ERR: 1, 
DOMSTRING_SIZE_ERR: 2, 
HIERARCHY_REQUEST_ERR: 3, 
WRONG_DOCUMENT_ERR: 4, 
INVALID_CHARACTER_ERR: 5, 
NO_DATA_ALLOWED_ERR: 6, 
NO_MODIFICATION_ALLOWED_ERR: 7, 
NOT_FOUND_ERR: 8, 
NOT_SUPPORTED_ERR: 9, 
INUSE_ATTRIBUTE_ERR: 10, 
INVALID_STATE_ERR: 11, SYNTAX_ERR: 
12, INVALID_MODIFICATION_ERR: 13, 
NAMESPACE_ERR: 14, 
INVALID_ACCESS_ERR: 15, 
VALIDATION_ERR: 16, 
TYPE_MISMATCH_ERR: 17, 
SECURITY_ERR: 18, NETWORK_ERR: 19, 
ABORT_ERR: 20, URL_MISMATCH_ERR: 
21, QUOTA_EXCEEDED_ERR: 22, 
TIMEOUT_ERR: 23, 
INVALID_NODE_TYPE_ERR: 24, 
DATA_CLONE_ERR: 25 }[39m
[31mThis error originated in "[1m
src/components/avatar/aui-avatar.te
st.ts[22m" test file. It doesn't 
mean the error was thrown inside 
the file itself, but while it was 
running.[39m
[31mThe latest test that might've 
caused the error is "[1mshould 
update when attributes 
change[22m". It might mean one of 
the following:
- The error was thrown, while 
Vitest was running this test.
- If the error occurred after the 
test had been completed, this was 
the last documented test before it 
was thrown.[39m

C:\Users\vinay\Downloads\AdyaUI\packages\core:
ΓÇëERR_PNPM_RECURSIVE_RUN_FIRST_FAILΓÇë @adyaui/core@0.0.1 test: `vitest "--run"`
Exit status 1
